Archive member included to satisfy reference by file (symbol)

D:/Programlar/Devkitpro/libogc/lib/wii\libwiiuse.a(wpad.o)
                              main.o (WPAD_Init)
D:/Programlar/Devkitpro/libogc/lib/wii\libwiiuse.a(motion_plus.o)
                              D:/Programlar/Devkitpro/libogc/lib/wii\libwiiuse.a(wpad.o) (wiiuse_set_motion_plus)
D:/Programlar/Devkitpro/libogc/lib/wii\libwiiuse.a(dynamics.o)
                              D:/Programlar/Devkitpro/libogc/lib/wii\libwiiuse.a(wpad.o) (calculate_gforce)
D:/Programlar/Devkitpro/libogc/lib/wii\libwiiuse.a(io.o)
                              D:/Programlar/Devkitpro/libogc/lib/wii\libwiiuse.a(motion_plus.o) (wiiuse_disable_expansion)
D:/Programlar/Devkitpro/libogc/lib/wii\libwiiuse.a(io_wii.o)
                              D:/Programlar/Devkitpro/libogc/lib/wii\libwiiuse.a(wpad.o) (__wiiuse_sensorbar_enable)
D:/Programlar/Devkitpro/libogc/lib/wii\libwiiuse.a(ir.o)
                              D:/Programlar/Devkitpro/libogc/lib/wii\libwiiuse.a(motion_plus.o) (wiiuse_set_ir_mode)
D:/Programlar/Devkitpro/libogc/lib/wii\libwiiuse.a(nunchuk.o)
                              D:/Programlar/Devkitpro/libogc/lib/wii\libwiiuse.a(io.o) (nunchuk_handshake)
D:/Programlar/Devkitpro/libogc/lib/wii\libwiiuse.a(wiiboard.o)
                              D:/Programlar/Devkitpro/libogc/lib/wii\libwiiuse.a(io.o) (wii_board_handshake)
D:/Programlar/Devkitpro/libogc/lib/wii\libwiiuse.a(wiiuse.o)
                              D:/Programlar/Devkitpro/libogc/lib/wii\libwiiuse.a(wpad.o) (wiiuse_init)
D:/Programlar/Devkitpro/libogc/lib/wii\libwiiuse.a(speaker.o)
                              D:/Programlar/Devkitpro/libogc/lib/wii\libwiiuse.a(wpad.o) (wencdata)
D:/Programlar/Devkitpro/libogc/lib/wii\libwiiuse.a(classic.o)
                              D:/Programlar/Devkitpro/libogc/lib/wii\libwiiuse.a(io.o) (classic_ctrl_handshake)
D:/Programlar/Devkitpro/libogc/lib/wii\libwiiuse.a(events.o)
                              D:/Programlar/Devkitpro/libogc/lib/wii\libwiiuse.a(io_wii.o) (parse_event)
D:/Programlar/Devkitpro/libogc/lib/wii\libwiiuse.a(guitar_hero_3.o)
                              D:/Programlar/Devkitpro/libogc/lib/wii\libwiiuse.a(io.o) (guitar_hero_3_handshake)
D:/Programlar/Devkitpro/libogc/lib/wii\libbte.a(bte.o)
                              D:/Programlar/Devkitpro/libogc/lib/wii\libwiiuse.a(wpad.o) (BTE_Init)
D:/Programlar/Devkitpro/libogc/lib/wii\libbte.a(hci.o)
                              D:/Programlar/Devkitpro/libogc/lib/wii\libbte.a(bte.o) (hci_init)
D:/Programlar/Devkitpro/libogc/lib/wii\libbte.a(l2cap.o)
                              D:/Programlar/Devkitpro/libogc/lib/wii\libbte.a(bte.o) (l2cap_init)
D:/Programlar/Devkitpro/libogc/lib/wii\libbte.a(btmemb.o)
                              D:/Programlar/Devkitpro/libogc/lib/wii\libbte.a(bte.o) (btmemb_init)
D:/Programlar/Devkitpro/libogc/lib/wii\libbte.a(btmemr.o)
                              D:/Programlar/Devkitpro/libogc/lib/wii\libbte.a(hci.o) (btmemr_init)
D:/Programlar/Devkitpro/libogc/lib/wii\libbte.a(btpbuf.o)
                              D:/Programlar/Devkitpro/libogc/lib/wii\libbte.a(hci.o) (btpbuf_init)
D:/Programlar/Devkitpro/libogc/lib/wii\libbte.a(physbusif.o)
                              D:/Programlar/Devkitpro/libogc/lib/wii\libbte.a(bte.o) (physbusif_init)
D:/Programlar/Devkitpro/libogc/lib/wii\libogc.a(console.o)
                              main.o (CON_Init)
D:/Programlar/Devkitpro/libogc/lib/wii\libogc.a(lwp_queue.o)
                              D:/Programlar/Devkitpro/libogc/lib/wii\libwiiuse.a(io_wii.o) (__lwp_queue_initialize)
D:/Programlar/Devkitpro/libogc/lib/wii\libogc.a(lwp_threads.o)
                              D:/Programlar/Devkitpro/libogc/lib/wii\libwiiuse.a(wpad.o) (_thread_dispatch_disable_level)
D:/Programlar/Devkitpro/libogc/lib/wii\libogc.a(lwp.o)
                              D:/Programlar/Devkitpro/libogc/lib/wii\libbte.a(bte.o) (LWP_InitQueue)
D:/Programlar/Devkitpro/libogc/lib/wii\libogc.a(lwp_handler.o)
                              D:/Programlar/Devkitpro/libogc/lib/wii\libogc.a(lwp_threads.o) (_cpu_context_save_fp)
D:/Programlar/Devkitpro/libogc/lib/wii\libogc.a(lwp_stack.o)
                              D:/Programlar/Devkitpro/libogc/lib/wii\libogc.a(lwp_threads.o) (__lwp_stack_allocate)
D:/Programlar/Devkitpro/libogc/lib/wii\libogc.a(lwp_watchdog.o)
                              D:/Programlar/Devkitpro/libogc/lib/wii\libogc.a(lwp_threads.o) (_wd_ticks_queue)
D:/Programlar/Devkitpro/libogc/lib/wii\libogc.a(lwp_wkspace.o)
                              D:/Programlar/Devkitpro/libogc/lib/wii\libwiiuse.a(motion_plus.o) (__wkspace_heap)
D:/Programlar/Devkitpro/libogc/lib/wii\libogc.a(lwp_objmgr.o)
                              D:/Programlar/Devkitpro/libogc/lib/wii\libogc.a(lwp.o) (__lwp_objmgr_initinfo)
D:/Programlar/Devkitpro/libogc/lib/wii\libogc.a(lwp_heap.o)
[...]
Memory Configuration

Name             Origin             Length             Attributes
*default*        0x00000000         0xffffffff

Linker script and memory map

                0x00003400                        . = 0x3400

.stub
 *(.stub)
                0x80004000                        . = 0x80004000

.init           0x80004000      0x194
 *crt0.o(*.init)
 .init          0x80004000      0x170 D:/Programlar/Devkitpro/libogc/lib/wii\libogc.a(ogc_crt0.o)
                0x80004000                _start
                0x80004140                _memset
 *(.init)
 .init          0x80004170        0xc D:/Programlar/Devkitpro/devkitPPC/bin/../lib/gcc/powerpc-eabi/13.2.0/ecrti.o
                0x80004170                __init
 .init          0x8000417c        0x4 D:/Programlar/Devkitpro/devkitPPC/bin/../lib/gcc/powerpc-eabi/13.2.0/crtbegin.o
 .init          0x80004180        0x4 D:/Programlar/Devkitpro/devkitPPC/bin/../lib/gcc/powerpc-eabi/13.2.0/crtend.o
 .init          0x80004184       0x10 D:/Programlar/Devkitpro/devkitPPC/bin/../lib/gcc/powerpc-eabi/13.2.0/ecrtn.o

.rela.dyn       0x80004194        0x0
 .rela.iplt     0x80004194        0x0 D:/Programlar/Devkitpro/devkitPPC/bin/../lib/gcc/powerpc-eabi/13.2.0/crtbegin.o

.plt
 *(.plt)

.interp
 *(.interp)

.hash
 *(.hash)

.dynsym
 *(.dynsym)

.dynstr
 *(.dynstr)

.gnu.version
 *(.gnu.version)

.gnu.version_d
 *(.gnu.version_d)

.gnu.version_r
 *(.gnu.version_r)

.rel.init
 *(.rel.init)

.rela.init
 *(.rela.init)

.rel.text
 *(.rel.text .rel.text.* .rel.gnu.linkonce.t.*)

.rela.text      0x80004194        0x0
 *(.rela.text .rela.text.* .rela.gnu.linkonce.t.*)
 .rela.text.__do_global_dtors_aux
                0x80004194        0x0 D:/Programlar/Devkitpro/devkitPPC/bin/../lib/gcc/powerpc-eabi/13.2.0/crtbegin.o
 .rela.text.frame_dummy
                0x80004194        0x0 D:/Programlar/Devkitpro/devkitPPC/bin/../lib/gcc/powerpc-eabi/13.2.0/crtbegin.o

.rel.fini
 *(.rel.fini)

.rela.fini
 *(.rela.fini)

.rel.rodata
 *(.rel.rodata .rel.rodata.* .rel.gnu.linkonce.r.*)

.rela.rodata
 *(.rela.rodata .rela.rodata.* .rela.gnu.linkonce.r.*)

.rel.data
 *(.rel.data .rel.data.* .rel.gnu.linkonce.d.*)

.rela.data
 *(.rela.data .rela.data.* .rela.gnu.linkonce.d.*)

.rel.tdata
 *(.rel.tdata .rel.tdata.* .rel.gnu.linkonce.td.*)

.rela.tdata
 *(.rela.tdata .rela.tdata.* .rela.gnu.linkonce.td.*)

.rel.tbss
 *(.rel.tbss .rel.tbss.* .rel.gnu.linkonce.tb.*)

.rela.tbss
 *(.rela.tbss .rela.tbss.* .rela.gnu.linkonce.tb.*)

.rel.ctors
 *(.rel.ctors)

.rela.ctors
 *(.rela.ctors)

.rel.dtors
 *(.rel.dtors)

.rela.dtors
 *(.rela.dtors)

.rel.got
 *(.rel.got)

.rela.got
 *(.rela.got)

.rela.got1
 *(.rela.got1)

.rela.got2
 *(.rela.got2)

.rel.sdata
 *(.rel.sdata .rel.sdata.* .rel.gnu.linkonce.s.*)

.rela.sdata
 *(.rela.sdata .rela.sdata.* .rela.gnu.linkonce.s.*)

.rel.sbss
 *(.rel.sbss .rel.sbss.* .rel.gnu.linkonce.sb.*)

.rela.sbss
 *(.rela.sbss .rela.sbss.* .rel.gnu.linkonce.sb.*)

.rel.sdata2
 *(.rel.sdata2 .rel.sdata2.* .rel.gnu.linkonce.s2.*)

.rela.sdata2
 *(.rela.sdata2 .rela.sdata2.* .rela.gnu.linkonce.s2.*)

.rel.sbss2
 *(.rel.sbss2 .rel.sbss2.* .rel.gnu.linkonce.sb2.*)

.rela.sbss2
 *(.rela.sbss2 .rela.sbss2.* .rela.gnu.linkonce.sb2.*)

.rel.bss
 *(.rel.bss .rel.bss.* .rel.gnu.linkonce.b.*)

.rela.bss
 *(.rela.bss .rela.bss.* .rela.gnu.linkonce.b.*)

.rel.plt
 *(.rel.plt)

.rela.plt
 *(.rela.plt)

.text           0x800041a0    0x39e40
 *(.text)
 .text          0x800041a0      0x44c D:/Programlar/Devkitpro/libogc/lib/wii\libogc.a(lwp_handler.o)
                0x800041a0                _cpu_context_save_fp
                0x800042e0                _cpu_context_restore_fp
                0x80004420                _cpu_context_switch
                0x80004500                _cpu_context_save
                0x80004580                _cpu_context_restore
 .text          0x800045ec      0x4a0 D:/Programlar/Devkitpro/libogc/lib/wii\libogc.a(system_asm.o)
                0x800045ec                __realmode
                0x80004604                __configBATS
                0x80004734                __InitFPRS
                0x80004860                __InitPS
                0x800048bc                __InitCache
                0x80004914                __InitSystem
                0x8000499c                __flush_cache
                0x800049d0                __reset
                0x80004a40                __InitBATS
                0x80004a5c                SYS_SwitchFiber
 .text          0x80004a8c      0x1ac D:/Programlar/Devkitpro/libogc/lib/wii\libogc.a(irq_handler.o)
                0x80004a8c                irq_exceptionhandler
 .text          0x80004c38      0x4f4 D:/Programlar/Devkitpro/libogc/lib/wii\libogc.a(cache_asm.o)
                0x80004c38                DCFlashInvalidate
                0x80004c4c                DCEnable
                0x80004c60                DCDisable
                0x80004c74                DCFreeze
                0x80004c88                DCUnfreeze
                0x80004c9c                DCTouchLoad
                0x80004ca4                DCBlockZero
                0x80004cac                DCBlockStore
                0x80004cb4                DCBlockFlush
                0x80004cbc                DCBlockInvalidate
                0x80004cc4                DCInvalidateRange
                0x80004cf4                DCFlushRange
                0x80004d28                DCStoreRange
                0x80004d5c                DCFlushRangeNoSync
                0x80004d8c                DCStoreRangeNoSync
                0x80004dbc                DCZeroRange
                0x80004dec                DCTouchRange
                0x80004e1c                ICInvalidateRange
                0x80004e54                ICFlashInvalidate
                0x80004e68                ICEnable
                0x80004e7c                ICDisable
                0x80004e90                ICFreeze
                0x80004ea4                ICUnfreeze
                0x80004eb8                ICBlockInvalidate
                0x80004ec0                ICSync
                0x80004ec8                L2Init
                0x80004f10                L2Enable
                0x80004f2c                L2Disable
                0x80004f44                L2GlobalInvalidate
                0x80004f9c                __LCEnable
                0x80005068                LCDisable
                0x80005090                LCAllocOneTag
                0x800050a4                LCAllocTags
                0x800050e4                LCLoadBlocks
                0x80005108                LCStoreBlocks
 .text          0x8000512c      0x1ac D:/Programlar/Devkitpro/libogc/lib/wii\libogc.a(decrementer_handler.o)
                0x8000512c                dec_exceptionhandler
 .text          0x800052d8      0x35c D:/Programlar/Devkitpro/libogc/lib/wii\libogc.a(exception_handler.o)
                0x800052d8                exceptionhandler_start
                0x80005354                exceptionhandler_patch
                0x80005388                exceptionhandler_end
                0x8000538c                default_exceptionhandler
                0x800054bc                fpu_exceptionhandler
                0x80005604                systemcallhandler_start
                0x80005630                systemcallhandler_end
 .text          0x80005634       0x48 D:/Programlar/Devkitpro/devkitPPC/bin/../lib/gcc/powerpc-eabi/13.2.0\libgcc.a(eabi.o)
                0x80005634                __eabi
 .text          0x8000567c       0x58 D:/Programlar/Devkitpro/devkitPPC/bin/../lib/gcc/powerpc-eabi/13.2.0\libgcc.a(crtresxfpr.o)
                0x8000567c                _restfpr_14_x
                0x80005680                _restfpr_15_x
                0x80005684                _restfpr_16_x
                0x80005688                _restfpr_17_x
                0x8000568c                _restfpr_18_x
                0x80005690                _restfpr_19_x
                0x80005694                _restfpr_20_x
                0x80005698                _restfpr_21_x
                0x8000569c                _restfpr_22_x
                0x800056a0                _restfpr_23_x
                0x800056a4                _restfpr_24_x
                0x800056a8                _restfpr_25_x
                0x800056ac                _restfpr_26_x
                0x800056b0                _restfpr_27_x
                0x800056b4                _restfpr_28_x
                0x800056b8                _restfpr_29_x
                0x800056bc                _restfpr_30_x
                0x800056c0                _restfpr_31_x
 .text          0x800056d4       0x58 D:/Programlar/Devkitpro/devkitPPC/bin/../lib/gcc/powerpc-eabi/13.2.0\libgcc.a(crtresxgpr.o)
                0x800056d4                _restgpr_14_x
                0x800056d8                _restgpr_15_x
                0x800056dc                _restgpr_16_x
                0x800056e0                _restgpr_17_x
                0x800056e4                _restgpr_18_x
                0x800056e8                _restgpr_19_x
                0x800056ec                _restgpr_20_x
                0x800056f0                _restgpr_21_x
                0x800056f4                _restgpr_22_x
                0x800056f8                _restgpr_23_x
                0x800056fc                _restgpr_24_x
                0x80005700                _restgpr_25_x
                0x80005704                _restgpr_26_x
                0x80005708                _restgpr_27_x
                0x8000570c                _restgpr_28_x
                0x80005710                _restgpr_29_x
                0x80005714                _restgpr_30_x
                0x80005718                _restgpr_31_x
 *(.text.*)
 .text.__do_global_dtors_aux
                0x8000572c       0xcc D:/Programlar/Devkitpro/devkitPPC/bin/../lib/gcc/powerpc-eabi/13.2.0/crtbegin.o
 .text.frame_dummy
                0x800057f8       0x24 D:/Programlar/Devkitpro/devkitPPC/bin/../lib/gcc/powerpc-eabi/13.2.0/crtbegin.o
 .text.__crtmain
                0x8000581c       0x44 D:/Programlar/Devkitpro/devkitPPC/bin/../lib/gcc/powerpc-eabi/13.2.0/../../../../powerpc-eabi/lib/crtmain.o
                0x80005820                __crtmain
 .text.Initialise
                0x80005860       0xb8 main.o
                0x80005860                Initialise
 .text.setup    0x80005918       0xe4 main.o
                0x80005918                setup
 .text.draw     0x800059fc      0x1c8 main.o
                0x800059fc                draw
 .text.input    0x80005bc4       0xe0 main.o
                0x80005bc4                input
 .text.logic    0x80005ca4      0x12c main.o
                0x80005ca4                logic
 .text.startup.main
                0x80005dd0       0x6c main.o
                0x80005dd0                main
 .text.__wpad_assign_slot
                0x80005e3c      0x254 D:/Programlar/Devkitpro/libogc/lib/wii\libwiiuse.a(wpad.o)
                0x80005e3c                __wpad_assign_slot
 .text.__wpad_def_powcb
                0x80006090        0x4 D:/Programlar/Devkitpro/libogc/lib/wii\libwiiuse.a(wpad.o)
 .text.__readlinkkey_finished
                0x80006094       0x34 D:/Programlar/Devkitpro/libogc/lib/wii\libwiiuse.a(wpad.o)
 .text.__wpad_patch_finished
                0x800060c8       0x2c D:/Programlar/Devkitpro/libogc/lib/wii\libwiiuse.a(wpad.o)
 .text.__wpad_setfmt
                0x800060f4      0x14c D:/Programlar/Devkitpro/libogc/lib/wii\libwiiuse.a(wpad.o)
 .text.__wpad_eventCB
                0x80006240      0xad4 D:/Programlar/Devkitpro/libogc/lib/wii\libwiiuse.a(wpad.o)
 .text.__wpad_disconnectCB
                0x80006d14       0xd4 D:/Programlar/Devkitpro/libogc/lib/wii\libwiiuse.a(wpad.o)
                0x80006d14                __wpad_disconnectCB
 .text.__wpad_timeouthandler
                0x80006de8       0xa8 D:/Programlar/Devkitpro/libogc/lib/wii\libwiiuse.a(wpad.o)
 .text.__initcore_finished
                0x80006e90       0x48 D:/Programlar/Devkitpro/libogc/lib/wii\libwiiuse.a(wpad.o)
 .text.__wpad_init_finished
                0x80006ed8      0x194 D:/Programlar/Devkitpro/libogc/lib/wii\libwiiuse.a(wpad.o)
 .text.WPAD_ReadEvent
                0x8000706c      0x68c D:/Programlar/Devkitpro/libogc/lib/wii\libwiiuse.a(wpad.o)
                0x8000706c                WPAD_ReadEvent
 .text.WPAD_ReadPending
                0x800076f8      0x1a0 D:/Programlar/Devkitpro/libogc/lib/wii\libwiiuse.a(wpad.o)
                0x800076f8                WPAD_ReadPending
 .text.WPAD_Shutdown
                0x80007898      0x114 D:/Programlar/Devkitpro/libogc/lib/wii\libwiiuse.a(wpad.o)
                0x80007898                WPAD_Shutdown
 .text.WPAD_Init
                0x800079ac      0x2c4 D:/Programlar/Devkitpro/libogc/lib/wii\libwiiuse.a(wpad.o)
                0x800079ac                WPAD_Init
 .text.__wpad_onreset
                0x80007c70       0x34 D:/Programlar/Devkitpro/libogc/lib/wii\libwiiuse.a(wpad.o)
 .text.WPAD_ScanPads
                0x80007ca4       0x90 D:/Programlar/Devkitpro/libogc/lib/wii\libwiiuse.a(wpad.o)
                0x80007ca4                WPAD_ScanPads
 .text.WPAD_ButtonsDown
                0x80007d34       0x28 D:/Programlar/Devkitpro/libogc/lib/wii\libwiiuse.a(wpad.o)
                0x80007d34                WPAD_ButtonsDown
 .text.WPAD_ButtonsHeld
                0x80007d5c       0x28 D:/Programlar/Devkitpro/libogc/lib/wii\libwiiuse.a(wpad.o)
                0x80007d5c                WPAD_ButtonsHeld
 .text.motion_plus_disconnected
                0x80007d84       0x10 D:/Programlar/Devkitpro/libogc/lib/wii\libwiiuse.a(motion_plus.o)
                0x80007d84                motion_plus_disconnected
 .text.motion_plus_event
                0x80007d94       0x64 D:/Programlar/Devkitpro/libogc/lib/wii\libwiiuse.a(motion_plus.o)
                0x80007d94                motion_plus_event
 .text.calculate_gforce
                0x80007df8      0x114 D:/Programlar/Devkitpro/libogc/lib/wii\libwiiuse.a(dynamics.o)
                0x80007df8                calculate_gforce
 .text.calc_joystick_state
                0x80007f0c      0x210 D:/Programlar/Devkitpro/libogc/lib/wii\libwiiuse.a(dynamics.o)
                0x80007f0c                calc_joystick_state
 .text.apply_smoothing
                0x8000811c      0x140 D:/Programlar/Devkitpro/libogc/lib/wii\libwiiuse.a(dynamics.o)
                0x8000811c                apply_smoothing
 .text.calculate_orientation
                0x8000825c      0x340 D:/Programlar/Devkitpro/libogc/lib/wii\libwiiuse.a(dynamics.o)
                0x8000825c                calculate_orientation
 .text.calc_balanceboard_state
                0x8000859c      0x3a4 D:/Programlar/Devkitpro/libogc/lib/wii\libwiiuse.a(dynamics.o)
                0x8000859c                calc_balanceboard_state
 .text.wiiuse_handshake
                0x80008940      0x27c D:/Programlar/Devkitpro/libogc/lib/wii\libwiiuse.a(io.o)
                0x80008940                wiiuse_handshake
 .text.wiiuse_handshake_expansion
                0x80008bbc      0x1f0 D:/Programlar/Devkitpro/libogc/lib/wii\libwiiuse.a(io.o)
                0x80008bbc                wiiuse_handshake_expansion
 .text.wiiuse_handshake_expansion_start
                0x80008dac       0x5c D:/Programlar/Devkitpro/libogc/lib/wii\libwiiuse.a(io.o)
                0x80008dac                wiiuse_handshake_expansion_start
 .text.wiiuse_disable_expansion
                0x80008e08      0x1b0 D:/Programlar/Devkitpro/libogc/lib/wii\libwiiuse.a(io.o)
                0x80008e08                wiiuse_disable_expansion
 .text.__wiiuse_connected
                0x80008fb8       0x9c D:/Programlar/Devkitpro/libogc/lib/wii\libwiiuse.a(io_wii.o)
 .text.__wiiuse_disconnected
                0x80009054       0xb4 D:/Programlar/Devkitpro/libogc/lib/wii\libwiiuse.a(io_wii.o)
 .text.__wiiuse_receive
                0x80009108       0xd0 D:/Programlar/Devkitpro/libogc/lib/wii\libwiiuse.a(io_wii.o)
 .text.__wiiuse_sensorbar_enable
                0x800091d8       0x54 D:/Programlar/Devkitpro/libogc/lib/wii\libwiiuse.a(io_wii.o)
                0x800091d8                __wiiuse_sensorbar_enable
 .text.wiiuse_register
                0x8000922c       0xf0 D:/Programlar/Devkitpro/libogc/lib/wii\libwiiuse.a(io_wii.o)
                0x8000922c                wiiuse_register
 .text.wiiuse_disconnect
                0x8000931c       0x24 D:/Programlar/Devkitpro/libogc/lib/wii\libwiiuse.a(io_wii.o)
                0x8000931c                wiiuse_disconnect
 .text.wiiuse_init_cmd_queue
                0x80009340       0x9c D:/Programlar/Devkitpro/libogc/lib/wii\libwiiuse.a(io_wii.o)
                0x80009340                wiiuse_init_cmd_queue
 .text.wiiuse_io_write
                0x800093dc       0x1c D:/Programlar/Devkitpro/libogc/lib/wii\libwiiuse.a(io_wii.o)
                0x800093dc                wiiuse_io_write
 .text.rotate_dots
                0x800093f8      0x13c D:/Programlar/Devkitpro/libogc/lib/wii\libwiiuse.a(ir.o)
 .text.get_ir_sens.constprop.0.isra.0
                0x80009534       0xdc D:/Programlar/Devkitpro/libogc/lib/wii\libwiiuse.a(ir.o)
 .text.wiiuse_set_ir_mode
                0x80009610       0x5c D:/Programlar/Devkitpro/libogc/lib/wii\libwiiuse.a(ir.o)
                0x80009610                wiiuse_set_ir_mode
 .text.wiiuse_set_ir
                0x8000966c      0x204 D:/Programlar/Devkitpro/libogc/lib/wii\libwiiuse.a(ir.o)
                0x8000966c                wiiuse_set_ir
 .text.wiiuse_set_ir_position
                0x80009870       0x80 D:/Programlar/Devkitpro/libogc/lib/wii\libwiiuse.a(ir.o)
                0x80009870                wiiuse_set_ir_position
 .text.wiiuse_set_aspect_ratio
                0x800098f0       0xac D:/Programlar/Devkitpro/libogc/lib/wii\libwiiuse.a(ir.o)
                0x800098f0                wiiuse_set_aspect_ratio
 .text.wiiuse_set_ir_sensitivity
                0x8000999c       0xe4 D:/Programlar/Devkitpro/libogc/lib/wii\libwiiuse.a(ir.o)
                0x8000999c                wiiuse_set_ir_sensitivity
 .text.calculate_basic_ir
                0x80009a80       0xe8 D:/Programlar/Devkitpro/libogc/lib/wii\libwiiuse.a(ir.o)
                0x80009a80                calculate_basic_ir
 .text.calculate_extended_ir
                0x80009b68       0x64 D:/Programlar/Devkitpro/libogc/lib/wii\libwiiuse.a(ir.o)
                0x80009b68                calculate_extended_ir
 .text.find_sensorbar
                0x80009bcc      0xa00 D:/Programlar/Devkitpro/libogc/lib/wii\libwiiuse.a(ir.o)
                0x80009bcc                find_sensorbar
 .text.apply_ir_smoothing
                0x8000a5cc      0x124 D:/Programlar/Devkitpro/libogc/lib/wii\libwiiuse.a(ir.o)
                0x8000a5cc                apply_ir_smoothing
 .text.interpret_ir_data
                0x8000a6f0      0x3c8 D:/Programlar/Devkitpro/libogc/lib/wii\libwiiuse.a(ir.o)
                0x8000a6f0                interpret_ir_data
 .text.nunchuk_handshake
                0x8000aab8      0x31c D:/Programlar/Devkitpro/libogc/lib/wii\libwiiuse.a(nunchuk.o)
                0x8000aab8                nunchuk_handshake
 .text.nunchuk_disconnected
                0x8000add4        0xc D:/Programlar/Devkitpro/libogc/lib/wii\libwiiuse.a(nunchuk.o)
                0x8000add4                nunchuk_disconnected
 .text.nunchuk_event
                0x8000ade0       0xe8 D:/Programlar/Devkitpro/libogc/lib/wii\libwiiuse.a(nunchuk.o)
                0x8000ade0                nunchuk_event
 .text.wii_board_handshake
                0x8000aec8      0x284 D:/Programlar/Devkitpro/libogc/lib/wii\libwiiuse.a(wiiboard.o)
                0x8000aec8                wii_board_handshake
 .text.wii_board_disconnected
                0x8000b14c        0xc D:/Programlar/Devkitpro/libogc/lib/wii\libwiiuse.a(wiiboard.o)
                0x8000b14c                wii_board_disconnected
 .text.wii_board_event
                0x8000b158       0x24 D:/Programlar/Devkitpro/libogc/lib/wii\libwiiuse.a(wiiboard.o)
                0x8000b158                wii_board_event
 .text.wiiuse_send_next_command
                0x8000b17c       0x58 D:/Programlar/Devkitpro/libogc/lib/wii\libwiiuse.a(wiiuse.o)
                0x8000b17c                wiiuse_send_next_command
 .text.wiiuse_init
                0x8000b1d4      0x208 D:/Programlar/Devkitpro/libogc/lib/wii\libwiiuse.a(wiiuse.o)
                0x8000b1d4                wiiuse_init
 .text.wiiuse_set_flags
                0x8000b3dc       0x28 D:/Programlar/Devkitpro/libogc/lib/wii\libwiiuse.a(wiiuse.o)
                0x8000b3dc                wiiuse_set_flags
 .text.wiiuse_read_data
                0x8000b404      0x154 D:/Programlar/Devkitpro/libogc/lib/wii\libwiiuse.a(wiiuse.o)
                0x8000b404                wiiuse_read_data
 .text.wiiuse_write_data
                0x8000b558      0x18c D:/Programlar/Devkitpro/libogc/lib/wii\libwiiuse.a(wiiuse.o)
                0x8000b558                wiiuse_write_data
 .text.wiiuse_sendcmd
                0x8000b6e4      0x144 D:/Programlar/Devkitpro/libogc/lib/wii\libwiiuse.a(wiiuse.o)
                0x8000b6e4                wiiuse_sendcmd
 .text.wiiuse_set_leds
                0x8000b828       0x50 D:/Programlar/Devkitpro/libogc/lib/wii\libwiiuse.a(wiiuse.o)
                0x8000b828                wiiuse_set_leds
 .text.wiiuse_set_report_type
                0x8000b878       0xb0 D:/Programlar/Devkitpro/libogc/lib/wii\libwiiuse.a(wiiuse.o)
                0x8000b878                wiiuse_set_report_type
 .text.wiiuse_status
                0x8000b928       0x4c D:/Programlar/Devkitpro/libogc/lib/wii\libwiiuse.a(wiiuse.o)
                0x8000b928                wiiuse_status
 .text.wiiuse_motion_sensing
                0x8000b974       0x84 D:/Programlar/Devkitpro/libogc/lib/wii\libwiiuse.a(wiiuse.o)
                0x8000b974                wiiuse_motion_sensing
 .text.wiiuse_set_speaker
                0x8000b9f8      0x24c D:/Programlar/Devkitpro/libogc/lib/wii\libwiiuse.a(speaker.o)
                0x8000b9f8                wiiuse_set_speaker
 .text.classic_ctrl_handshake
                0x8000bc44      0x410 D:/Programlar/Devkitpro/libogc/lib/wii\libwiiuse.a(classic.o)
                0x8000bc44                classic_ctrl_handshake
 .text.classic_ctrl_disconnected
                0x8000c054        0xc D:/Programlar/Devkitpro/libogc/lib/wii\libwiiuse.a(classic.o)
                0x8000c054                classic_ctrl_disconnected
 .text.classic_ctrl_event
                0x8000c060      0x15c D:/Programlar/Devkitpro/libogc/lib/wii\libwiiuse.a(classic.o)
                0x8000c060                classic_ctrl_event
 .text.handle_expansion
                0x8000c1bc       0x54 D:/Programlar/Devkitpro/libogc/lib/wii\libwiiuse.a(events.o)
 .text.parse_event
                0x8000c210      0x730 D:/Programlar/Devkitpro/libogc/lib/wii\libwiiuse.a(events.o)
                0x8000c210                parse_event
 .text.guitar_hero_3_handshake
                0x8000c940       0x5c D:/Programlar/Devkitpro/libogc/lib/wii\libwiiuse.a(guitar_hero_3.o)
                0x8000c940                guitar_hero_3_handshake
 .text.guitar_hero_3_disconnected
                0x8000c99c        0xc D:/Programlar/Devkitpro/libogc/lib/wii\libwiiuse.a(guitar_hero_3.o)
                0x8000c99c                guitar_hero_3_disconnected
 .text.guitar_hero_3_event
                0x8000c9a8       0x60 D:/Programlar/Devkitpro/libogc/lib/wii\libwiiuse.a(guitar_hero_3.o)
                0x8000c9a8                guitar_hero_3_event
 .text.acl_wlp_completed
                0x8000ca08        0x8 D:/Programlar/Devkitpro/libogc/lib/wii\libbte.a(bte.o)
                0x8000ca08                acl_wlp_completed
 .text.bt_alarmhandler
                0x8000ca10       0x58 D:/Programlar/Devkitpro/libogc/lib/wii\libbte.a(bte.o)
 .text.__bte_send_pending_request
                0x8000ca68      0x108 D:/Programlar/Devkitpro/libogc/lib/wii\libbte.a(bte.o)
 .text.acl_conn_complete
                0x8000cb70       0x2c D:/Programlar/Devkitpro/libogc/lib/wii\libbte.a(bte.o)
                0x8000cb70                acl_conn_complete
 .text.l2cap_accepted
                0x8000cb9c      0x134 D:/Programlar/Devkitpro/libogc/lib/wii\libbte.a(bte.o)
                0x8000cb9c                l2cap_accepted
 .text.l2cap_disconnect_cfm
                0x8000ccd0      0x19c D:/Programlar/Devkitpro/libogc/lib/wii\libbte.a(bte.o)
                0x8000ccd0                l2cap_disconnect_cfm
 .text.bte_process_input
                0x8000ce6c      0x128 D:/Programlar/Devkitpro/libogc/lib/wii\libbte.a(bte.o)
 .text.l2cap_disconnected_ind
                0x8000cf94      0x1a4 D:/Programlar/Devkitpro/libogc/lib/wii\libbte.a(bte.o)
                0x8000cf94                l2cap_disconnected_ind
 .text.__bte_shutdown_finished
                0x8000d138       0xe0 D:/Programlar/Devkitpro/libogc/lib/wii\libbte.a(bte.o)
 .text.bte_hci_apply_patch_complete
                0x8000d218      0x164 D:/Programlar/Devkitpro/libogc/lib/wii\libbte.a(bte.o)
                0x8000d218                bte_hci_apply_patch_complete
 .text.bte_hci_patch_complete
                0x8000d37c      0x380 D:/Programlar/Devkitpro/libogc/lib/wii\libbte.a(bte.o)
                0x8000d37c                bte_hci_patch_complete
 .text.bte_hci_initcore_complete
                0x8000d6fc      0x280 D:/Programlar/Devkitpro/libogc/lib/wii\libbte.a(bte.o)
                0x8000d6fc                bte_hci_initcore_complete
 .text.bte_read_stored_link_key_complete
                0x8000d97c      0x27c D:/Programlar/Devkitpro/libogc/lib/wii\libbte.a(bte.o)
                0x8000d97c                bte_read_stored_link_key_complete
 .text.bte_hci_initcore_complete2
                0x8000dbf8      0x22c D:/Programlar/Devkitpro/libogc/lib/wii\libbte.a(bte.o)
 .text.bte_hci_initsub_complete
                0x8000de24      0x280 D:/Programlar/Devkitpro/libogc/lib/wii\libbte.a(bte.o)
                0x8000de24                bte_hci_initsub_complete
 .text.BTE_Init
                0x8000e0a4      0x138 D:/Programlar/Devkitpro/libogc/lib/wii\libbte.a(bte.o)
                0x8000e0a4                BTE_Init
 .text.BTE_Shutdown
                0x8000e1dc      0x100 D:/Programlar/Devkitpro/libogc/lib/wii\libbte.a(bte.o)
                0x8000e1dc                BTE_Shutdown
 .text.BTE_InitCore
                0x8000e2dc       0x8c D:/Programlar/Devkitpro/libogc/lib/wii\libbte.a(bte.o)
                0x8000e2dc                BTE_InitCore
 .text.BTE_ApplyPatch
                0x8000e368       0xa4 D:/Programlar/Devkitpro/libogc/lib/wii\libbte.a(bte.o)
                0x8000e368                BTE_ApplyPatch
 .text.BTE_InitSub
                0x8000e40c       0x90 D:/Programlar/Devkitpro/libogc/lib/wii\libbte.a(bte.o)
                0x8000e40c                BTE_InitSub
 .text.BTE_ReadStoredLinkKey
                0x8000e49c       0x90 D:/Programlar/Devkitpro/libogc/lib/wii\libbte.a(bte.o)
                0x8000e49c                BTE_ReadStoredLinkKey
 .text.BTE_SetDisconnectCallback
                0x8000e52c        0x4 D:/Programlar/Devkitpro/libogc/lib/wii\libbte.a(bte.o)
                0x8000e52c                BTE_SetDisconnectCallback
 .text.bte_new  0x8000e530       0x54 D:/Programlar/Devkitpro/libogc/lib/wii\libbte.a(bte.o)
                0x8000e530                bte_new
 .text.bte_registerdeviceasync
                0x8000e584      0x158 D:/Programlar/Devkitpro/libogc/lib/wii\libbte.a(bte.o)
                0x8000e584                bte_registerdeviceasync
 .text.bte_disconnect
                0x8000e6dc       0xd8 D:/Programlar/Devkitpro/libogc/lib/wii\libbte.a(bte.o)
                0x8000e6dc                bte_disconnect
 .text.bte_senddata
                0x8000e7b4      0x104 D:/Programlar/Devkitpro/libogc/lib/wii\libbte.a(bte.o)
                0x8000e7b4                bte_senddata
 .text.bte_arg  0x8000e8b8       0x38 D:/Programlar/Devkitpro/libogc/lib/wii\libbte.a(bte.o)
                0x8000e8b8                bte_arg
 .text.bte_received
                0x8000e8f0       0x38 D:/Programlar/Devkitpro/libogc/lib/wii\libbte.a(bte.o)
                0x8000e8f0                bte_received
 .text.bte_disconnected
                0x8000e928       0x38 D:/Programlar/Devkitpro/libogc/lib/wii\libbte.a(bte.o)
                0x8000e928                bte_disconnected
 .text.hci_get_link
                0x8000e960       0x84 D:/Programlar/Devkitpro/libogc/lib/wii\libbte.a(hci.o)
 .text.hci_init
                0x8000e9e4       0x80 D:/Programlar/Devkitpro/libogc/lib/wii\libbte.a(hci.o)
                0x8000e9e4                hci_init
 .text.hci_close
                0x8000ea64       0xd0 D:/Programlar/Devkitpro/libogc/lib/wii\libbte.a(hci.o)
                0x8000ea64                hci_close
 .text.hci_reset_all
                0x8000eb34       0xb8 D:/Programlar/Devkitpro/libogc/lib/wii\libbte.a(hci.o)
                0x8000eb34                hci_reset_all
 .text.hci_arg  0x8000ebec        0xc D:/Programlar/Devkitpro/libogc/lib/wii\libbte.a(hci.o)
                0x8000ebec                hci_arg
 .text.hci_cmd_complete
                0x8000ebf8        0xc D:/Programlar/Devkitpro/libogc/lib/wii\libbte.a(hci.o)
                0x8000ebf8                hci_cmd_complete
 .text.hci_connection_complete
                0x8000ec04        0xc D:/Programlar/Devkitpro/libogc/lib/wii\libbte.a(hci.o)
                0x8000ec04                hci_connection_complete
 .text.hci_wlp_complete
                0x8000ec10        0xc D:/Programlar/Devkitpro/libogc/lib/wii\libbte.a(hci.o)
                0x8000ec10                hci_wlp_complete
 .text.hci_reset
                0x8000ec1c       0xac D:/Programlar/Devkitpro/libogc/lib/wii\libbte.a(hci.o)
                0x8000ec1c                hci_reset
 .text.hci_read_buffer_size
                0x8000ecc8       0xac D:/Programlar/Devkitpro/libogc/lib/wii\libbte.a(hci.o)
                0x8000ecc8                hci_read_buffer_size
 .text.hci_read_bd_addr
                0x8000ed74       0xac D:/Programlar/Devkitpro/libogc/lib/wii\libbte.a(hci.o)
                0x8000ed74                hci_read_bd_addr
 .text.hci_read_local_version
                0x8000ee20       0xa8 D:/Programlar/Devkitpro/libogc/lib/wii\libbte.a(hci.o)
                0x8000ee20                hci_read_local_version
 .text.hci_read_local_features
                0x8000eec8       0xac D:/Programlar/Devkitpro/libogc/lib/wii\libbte.a(hci.o)
                0x8000eec8                hci_read_local_features
 .text.hci_read_stored_link_key
                0x8000ef74      0x100 D:/Programlar/Devkitpro/libogc/lib/wii\libbte.a(hci.o)
                0x8000ef74                hci_read_stored_link_key
 .text.hci_write_page_timeout
                0x8000f074       0xd0 D:/Programlar/Devkitpro/libogc/lib/wii\libbte.a(hci.o)
                0x8000f074                hci_write_page_timeout
 .text.hci_write_scan_enable
                0x8000f144       0xbc D:/Programlar/Devkitpro/libogc/lib/wii\libbte.a(hci.o)
                0x8000f144                hci_write_scan_enable
 .text.hci_accecpt_conn_request
                0x8000f200       0xe0 D:/Programlar/Devkitpro/libogc/lib/wii\libbte.a(hci.o)
                0x8000f200                hci_accecpt_conn_request
 .text.hci_write_local_name
                0x8000f2e0       0xd8 D:/Programlar/Devkitpro/libogc/lib/wii\libbte.a(hci.o)
                0x8000f2e0                hci_write_local_name
 .text.hci_write_pin_type
                0x8000f3b8       0xbc D:/Programlar/Devkitpro/libogc/lib/wii\libbte.a(hci.o)
                0x8000f3b8                hci_write_pin_type
 .text.hci_write_inquiry_mode
                0x8000f474       0xbc D:/Programlar/Devkitpro/libogc/lib/wii\libbte.a(hci.o)
                0x8000f474                hci_write_inquiry_mode
 .text.hci_write_page_scan_type
                0x8000f530       0xbc D:/Programlar/Devkitpro/libogc/lib/wii\libbte.a(hci.o)
                0x8000f530                hci_write_page_scan_type
 .text.hci_write_inquiry_scan_type
                0x8000f5ec       0xbc D:/Programlar/Devkitpro/libogc/lib/wii\libbte.a(hci.o)
                0x8000f5ec                hci_write_inquiry_scan_type
 .text.hci_vendor_specific_command
                0x8000f6a8       0xe8 D:/Programlar/Devkitpro/libogc/lib/wii\libbte.a(hci.o)
                0x8000f6a8                hci_vendor_specific_command
 .text.hci_write_link_policy_settings
                0x8000f790      0x104 D:/Programlar/Devkitpro/libogc/lib/wii\libbte.a(hci.o)
                0x8000f790                hci_write_link_policy_settings
 .text.hci_pin_code_request_neg_reply
                0x8000f894       0xcc D:/Programlar/Devkitpro/libogc/lib/wii\libbte.a(hci.o)
                0x8000f894                hci_pin_code_request_neg_reply
 .text.hci_link_key_req_neg_reply
                0x8000f960       0xcc D:/Programlar/Devkitpro/libogc/lib/wii\libbte.a(hci.o)
                0x8000f960                hci_link_key_req_neg_reply
 .text.hci_disconnect
                0x8000fa2c       0xfc D:/Programlar/Devkitpro/libogc/lib/wii\libbte.a(hci.o)
                0x8000fa2c                hci_disconnect
 .text.hci_write_cod
                0x8000fb28       0xcc D:/Programlar/Devkitpro/libogc/lib/wii\libbte.a(hci.o)
                0x8000fb28                hci_write_cod
 .text.hci_host_buffer_size
                0x8000fbf4      0x10c D:/Programlar/Devkitpro/libogc/lib/wii\libbte.a(hci.o)
                0x8000fbf4                hci_host_buffer_size
 .text.hci_host_num_comp_packets
                0x8000fd00      0x108 D:/Programlar/Devkitpro/libogc/lib/wii\libbte.a(hci.o)
                0x8000fd00                hci_host_num_comp_packets
 .text.lp_pdu_maxsize
                0x8000fe08        0xc D:/Programlar/Devkitpro/libogc/lib/wii\libbte.a(hci.o)
                0x8000fe08                lp_pdu_maxsize
 .text.lp_acl_write
                0x8000fe14      0x158 D:/Programlar/Devkitpro/libogc/lib/wii\libbte.a(hci.o)
                0x8000fe14                lp_acl_write
 .text.lp_write_flush_timeout
                0x8000ff6c      0x104 D:/Programlar/Devkitpro/libogc/lib/wii\libbte.a(hci.o)
                0x8000ff6c                lp_write_flush_timeout
 .text.hci_event_handler
                0x80010070      0xc7c D:/Programlar/Devkitpro/libogc/lib/wii\libbte.a(hci.o)
                0x80010070                hci_event_handler
 .text.hci_acldata_handler
                0x80010cec      0x11c D:/Programlar/Devkitpro/libogc/lib/wii\libbte.a(hci.o)
                0x80010cec                hci_acldata_handler
 .text.l2cap_init
                0x80010e08       0x60 D:/Programlar/Devkitpro/libogc/lib/wii\libbte.a(l2cap.o)
                0x80010e08                l2cap_init
 .text.l2cap_write
                0x80010e68      0x1a0 D:/Programlar/Devkitpro/libogc/lib/wii\libbte.a(l2cap.o)
                0x80010e68                l2cap_write
 .text.l2cap_new
                0x80011008       0x60 D:/Programlar/Devkitpro/libogc/lib/wii\libbte.a(l2cap.o)
                0x80011008                l2cap_new
 .text.l2cap_close
                0x80011068      0x1d4 D:/Programlar/Devkitpro/libogc/lib/wii\libbte.a(l2cap.o)
                0x80011068                l2cap_close
 .text.l2cap_reset_all
                0x8001123c      0x154 D:/Programlar/Devkitpro/libogc/lib/wii\libbte.a(l2cap.o)
                0x8001123c                l2cap_reset_all
 .text.l2cap_signal
                0x80011390      0x204 D:/Programlar/Devkitpro/libogc/lib/wii\libbte.a(l2cap.o)
                0x80011390                l2cap_signal
 .text.l2ca_config_req
                0x80011594      0x158 D:/Programlar/Devkitpro/libogc/lib/wii\libbte.a(l2cap.o)
                0x80011594                l2ca_config_req
 .text.l2ca_disconnect_req
                0x800116ec       0xcc D:/Programlar/Devkitpro/libogc/lib/wii\libbte.a(l2cap.o)
                0x800116ec                l2ca_disconnect_req
 .text.l2cap_tmr
                0x800117b8      0x260 D:/Programlar/Devkitpro/libogc/lib/wii\libbte.a(l2cap.o)
                0x800117b8                l2cap_tmr
 .text.l2cap_process_sig
                0x80011a18     0x1334 D:/Programlar/Devkitpro/libogc/lib/wii\libbte.a(l2cap.o)
                0x80011a18                l2cap_process_sig
 .text.l2cap_input
                0x80012d4c      0x578 D:/Programlar/Devkitpro/libogc/lib/wii\libbte.a(l2cap.o)
                0x80012d4c                l2cap_input
 .text.l2ca_datawrite
                0x800132c4      0x128 D:/Programlar/Devkitpro/libogc/lib/wii\libbte.a(l2cap.o)
                0x800132c4                l2ca_datawrite
 .text.lp_connect_cfm
                0x800133ec      0x184 D:/Programlar/Devkitpro/libogc/lib/wii\libbte.a(l2cap.o)
                0x800133ec                lp_connect_cfm
 .text.lp_connect_ind
                0x80013570        0x4 D:/Programlar/Devkitpro/libogc/lib/wii\libbte.a(l2cap.o)
                0x80013570                lp_connect_ind
 .text.lp_disconnect_ind
                0x80013574      0x124 D:/Programlar/Devkitpro/libogc/lib/wii\libbte.a(l2cap.o)
                0x80013574                lp_disconnect_ind
 .text.l2cap_disconnect_bb
                0x80013698       0x10 D:/Programlar/Devkitpro/libogc/lib/wii\libbte.a(l2cap.o)
                0x80013698                l2cap_disconnect_bb
 .text.l2cap_arg
                0x800136a8        0x8 D:/Programlar/Devkitpro/libogc/lib/wii\libbte.a(l2cap.o)
                0x800136a8                l2cap_arg
 .text.l2cap_connect_ind
                0x800136b0      0x104 D:/Programlar/Devkitpro/libogc/lib/wii\libbte.a(l2cap.o)
                0x800136b0                l2cap_connect_ind
 .text.l2cap_disconnect_ind
                0x800137b4        0x8 D:/Programlar/Devkitpro/libogc/lib/wii\libbte.a(l2cap.o)
                0x800137b4                l2cap_disconnect_ind
 .text.l2cap_recv
                0x800137bc        0x8 D:/Programlar/Devkitpro/libogc/lib/wii\libbte.a(l2cap.o)
                0x800137bc                l2cap_recv
 .text.btmemb_init
                0x800137c4       0x24 D:/Programlar/Devkitpro/libogc/lib/wii\libbte.a(btmemb.o)
                0x800137c4                btmemb_init
 .text.btmemb_alloc
                0x800137e8       0x98 D:/Programlar/Devkitpro/libogc/lib/wii\libbte.a(btmemb.o)
                0x800137e8                btmemb_alloc
 .text.btmemb_free
                0x80013880      0x114 D:/Programlar/Devkitpro/libogc/lib/wii\libbte.a(btmemb.o)
                0x80013880                btmemb_free
 .text.plug_holes
                0x80013994       0xac D:/Programlar/Devkitpro/libogc/lib/wii\libbte.a(btmemr.o)
 .text.btmemr_init
                0x80013a40       0xa4 D:/Programlar/Devkitpro/libogc/lib/wii\libbte.a(btmemr.o)
                0x80013a40                btmemr_init
 .text.btmemr_malloc
                0x80013ae4      0x17c D:/Programlar/Devkitpro/libogc/lib/wii\libbte.a(btmemr.o)
                0x80013ae4                btmemr_malloc
 .text.btmemr_free
                0x80013c60       0x98 D:/Programlar/Devkitpro/libogc/lib/wii\libbte.a(btmemr.o)
                0x80013c60                btmemr_free
 .text.btmemr_realloc
                0x80013cf8      0x108 D:/Programlar/Devkitpro/libogc/lib/wii\libbte.a(btmemr.o)
                0x80013cf8                btmemr_realloc
 .text.btpbuf_init
                0x80013e00       0x28 D:/Programlar/Devkitpro/libogc/lib/wii\libbte.a(btpbuf.o)
                0x80013e00                btpbuf_init
 .text.btpbuf_free
                0x80013e28      0x11c D:/Programlar/Devkitpro/libogc/lib/wii\libbte.a(btpbuf.o)
                0x80013e28                btpbuf_free
 .text.btpbuf_alloc
                0x80013f44      0x250 D:/Programlar/Devkitpro/libogc/lib/wii\libbte.a(btpbuf.o)
                0x80013f44                btpbuf_alloc
 .text.btpbuf_realloc
                0x80014194      0x110 D:/Programlar/Devkitpro/libogc/lib/wii\libbte.a(btpbuf.o)
                0x80014194                btpbuf_realloc
 .text.btpbuf_header
                0x800142a4       0x84 D:/Programlar/Devkitpro/libogc/lib/wii\libbte.a(btpbuf.o)
                0x800142a4                btpbuf_header
 .text.btpbuf_ref
                0x80014328       0x48 D:/Programlar/Devkitpro/libogc/lib/wii\libbte.a(btpbuf.o)
                0x80014328                btpbuf_ref
 .text.btpbuf_chain
                0x80014370       0x9c D:/Programlar/Devkitpro/libogc/lib/wii\libbte.a(btpbuf.o)
                0x80014370                btpbuf_chain
 .text.btpbuf_dechain
                0x8001440c       0x7c D:/Programlar/Devkitpro/libogc/lib/wii\libbte.a(btpbuf.o)
                0x8001440c                btpbuf_dechain
 .text.btpbuf_take
                0x80014488      0x13c D:/Programlar/Devkitpro/libogc/lib/wii\libbte.a(btpbuf.o)
                0x80014488                btpbuf_take
 .text.__usb_closeCB
                0x800145c4       0x10 D:/Programlar/Devkitpro/libogc/lib/wii\libbte.a(physbusif.o)
 .text.__writebulkmsgCB
                0x800145d4       0x3c D:/Programlar/Devkitpro/libogc/lib/wii\libbte.a(physbusif.o)
 .text.__writectrlmsgCB
                0x80014610       0x3c D:/Programlar/Devkitpro/libogc/lib/wii\libbte.a(physbusif.o)
 .text.__issue_intrread.part.0
                0x8001464c       0x80 D:/Programlar/Devkitpro/libogc/lib/wii\libbte.a(physbusif.o)
 .text.__readintrdataCB
                0x800146cc      0x148 D:/Programlar/Devkitpro/libogc/lib/wii\libbte.a(physbusif.o)
 .text.__issue_bulkread.part.0
                0x80014814       0x80 D:/Programlar/Devkitpro/libogc/lib/wii\libbte.a(physbusif.o)
 .text.__readbulkdataCB
                0x80014894      0x148 D:/Programlar/Devkitpro/libogc/lib/wii\libbte.a(physbusif.o)
 .text.physbusif_init
                0x800149dc      0x1ec D:/Programlar/Devkitpro/libogc/lib/wii\libbte.a(physbusif.o)
                0x800149dc                physbusif_init
 .text.physbusif_close
                0x80014bc8       0x20 D:/Programlar/Devkitpro/libogc/lib/wii\libbte.a(physbusif.o)
                0x80014bc8                physbusif_close
 .text.physbusif_shutdown
                0x80014be8       0x24 D:/Programlar/Devkitpro/libogc/lib/wii\libbte.a(physbusif.o)
                0x80014be8                physbusif_shutdown
 .text.physbusif_reset_all
                0x80014c0c        0x4 D:/Programlar/Devkitpro/libogc/lib/wii\libbte.a(physbusif.o)
                0x80014c0c                physbusif_reset_all
 .text.physbusif_output
                0x80014c10      0x1c4 D:/Programlar/Devkitpro/libogc/lib/wii\libbte.a(physbusif.o)
                0x80014c10                physbusif_output
 .text.__console_clear_line
                0x80014dd4       0xb4 D:/Programlar/Devkitpro/libogc/lib/wii\libogc.a(console.o)
 .text.__console_clear
                0x80014e88       0xbc D:/Programlar/Devkitpro/libogc/lib/wii\libogc.a(console.o)
 .text.__console_write
                0x80014f44      0x820 D:/Programlar/Devkitpro/libogc/lib/wii\libogc.a(console.o)
                0x80014f44                __console_write
 .text.__console_init
                0x80015764      0x120 D:/Programlar/Devkitpro/libogc/lib/wii\libogc.a(console.o)
                0x80015764                __console_init
 .text.CON_Init
                0x80015884        0x4 D:/Programlar/Devkitpro/libogc/lib/wii\libogc.a(console.o)
                0x80015884                CON_Init
 .text.CON_EnableGecko
                0x80015888      0x100 D:/Programlar/Devkitpro/libogc/lib/wii\libogc.a(console.o)
                0x80015888                CON_EnableGecko
 .text.__lwp_queue_initialize
                0x80015988       0x98 D:/Programlar/Devkitpro/libogc/lib/wii\libogc.a(lwp_queue.o)
                0x80015988                __lwp_queue_initialize
 .text.__lwp_queue_get
                0x80015a20       0x74 D:/Programlar/Devkitpro/libogc/lib/wii\libogc.a(lwp_queue.o)
                0x80015a20                __lwp_queue_get
 .text.__lwp_queue_append
                0x80015a94       0x4c D:/Programlar/Devkitpro/libogc/lib/wii\libogc.a(lwp_queue.o)
                0x80015a94                __lwp_queue_append
 .text.__syscall_getreent
                0x80015ae0       0x24 D:/Programlar/Devkitpro/libogc/lib/wii\libogc.a(lwp_threads.o)
                0x80015ae0                __syscall_getreent
 .text.__lwp_isr_in_progress
                0x80015b04        0x8 D:/Programlar/Devkitpro/libogc/lib/wii\libogc.a(lwp_threads.o)
                0x80015b04                __lwp_isr_in_progress
 .text.__thread_dispatch_fp
                0x80015b0c       0x88 D:/Programlar/Devkitpro/libogc/lib/wii\libogc.a(lwp_threads.o)
                0x80015b0c                __thread_dispatch_fp
 .text.__thread_dispatch
                0x80015b94       0xf4 D:/Programlar/Devkitpro/libogc/lib/wii\libogc.a(lwp_threads.o)
                0x80015b94                __thread_dispatch
 .text.__lwp_thread_resettimeslice
                0x80015c88       0xb4 D:/Programlar/Devkitpro/libogc/lib/wii\libogc.a(lwp_threads.o)
                0x80015c88                __lwp_thread_resettimeslice
 .text.__lwp_thread_tickle_timeslice
                0x80015d3c       0xc8 D:/Programlar/Devkitpro/libogc/lib/wii\libogc.a(lwp_threads.o)
                0x80015d3c                __lwp_thread_tickle_timeslice
 .text.__lwp_thread_setstate
                0x80015e04      0x16c D:/Programlar/Devkitpro/libogc/lib/wii\libogc.a(lwp_threads.o)
                0x80015e04                __lwp_thread_setstate
 .text.__lwp_thread_clearstate
                0x80015f70       0xe4 D:/Programlar/Devkitpro/libogc/lib/wii\libogc.a(lwp_threads.o)
                0x80015f70                __lwp_thread_clearstate
 .text.__lwp_thread_delayended
                0x80016054       0x48 D:/Programlar/Devkitpro/libogc/lib/wii\libogc.a(lwp_threads.o)
                0x80016054                __lwp_thread_delayended
 .text.__lwp_thread_settransient
                0x8001609c       0xb4 D:/Programlar/Devkitpro/libogc/lib/wii\libogc.a(lwp_threads.o)
                0x8001609c                __lwp_thread_settransient
 .text.__lwp_thread_changepriority
                0x80016150      0x1f8 D:/Programlar/Devkitpro/libogc/lib/wii\libogc.a(lwp_threads.o)
                0x80016150                __lwp_thread_changepriority
 .text.__lwp_thread_ready
                0x80016348       0xf0 D:/Programlar/Devkitpro/libogc/lib/wii\libogc.a(lwp_threads.o)
                0x80016348                __lwp_thread_ready
 .text.__lwp_thread_init
                0x80016438      0x160 D:/Programlar/Devkitpro/libogc/lib/wii\libogc.a(lwp_threads.o)
                0x80016438                __lwp_thread_init
 .text.__lwp_thread_close
                0x80016598      0x144 D:/Programlar/Devkitpro/libogc/lib/wii\libogc.a(lwp_threads.o)
                0x80016598                __lwp_thread_close
 .text.__lwp_thread_handler
                0x800166dc       0xc0 D:/Programlar/Devkitpro/libogc/lib/wii\libogc.a(lwp_threads.o)
 .text.__lwp_thread_closeall
                0x8001679c       0xb0 D:/Programlar/Devkitpro/libogc/lib/wii\libogc.a(lwp_threads.o)
                0x8001679c                __lwp_thread_closeall
 .text.__lwp_thread_start
                0x8001684c      0x150 D:/Programlar/Devkitpro/libogc/lib/wii\libogc.a(lwp_threads.o)
                0x8001684c                __lwp_thread_start
 .text.__lwp_thread_startmultitasking
                0x8001699c       0xac D:/Programlar/Devkitpro/libogc/lib/wii\libogc.a(lwp_threads.o)
                0x8001699c                __lwp_thread_startmultitasking
 .text.__lwp_thread_stopmultitasking
                0x80016a48       0x58 D:/Programlar/Devkitpro/libogc/lib/wii\libogc.a(lwp_threads.o)
                0x80016a48                __lwp_thread_stopmultitasking
 .text.__lwp_thread_coreinit
                0x80016aa0       0xc4 D:/Programlar/Devkitpro/libogc/lib/wii\libogc.a(lwp_threads.o)
                0x80016aa0                __lwp_thread_coreinit
 .text.idle_func
                0x80016b64        0x4 D:/Programlar/Devkitpro/libogc/lib/wii\libogc.a(lwp.o)
 .text.__lwp_sysinit
                0x80016b68      0x114 D:/Programlar/Devkitpro/libogc/lib/wii\libogc.a(lwp.o)
                0x80016b68                __lwp_sysinit
 .text.LWP_InitQueue
                0x80016c7c      0x140 D:/Programlar/Devkitpro/libogc/lib/wii\libogc.a(lwp.o)
                0x80016c7c                LWP_InitQueue
 .text.LWP_CloseQueue
                0x80016dbc       0xd4 D:/Programlar/Devkitpro/libogc/lib/wii\libogc.a(lwp.o)
                0x80016dbc                LWP_CloseQueue
 .text.LWP_ThreadSleep
                0x80016e90       0xf8 D:/Programlar/Devkitpro/libogc/lib/wii\libogc.a(lwp.o)
                0x80016e90                LWP_ThreadSleep
 .text.LWP_ThreadBroadcast
                0x80016f88       0x88 D:/Programlar/Devkitpro/libogc/lib/wii\libogc.a(lwp.o)
                0x80016f88                LWP_ThreadBroadcast
 .text.LWP_ThreadSignal
                0x80017010       0x74 D:/Programlar/Devkitpro/libogc/lib/wii\libogc.a(lwp.o)
                0x80017010                LWP_ThreadSignal
 .text.__lwp_stack_allocate
                0x80017084       0x60 D:/Programlar/Devkitpro/libogc/lib/wii\libogc.a(lwp_stack.o)
                0x80017084                __lwp_stack_allocate
 .text.__lwp_stack_free
                0x800170e4       0x1c D:/Programlar/Devkitpro/libogc/lib/wii\libogc.a(lwp_stack.o)
                0x800170e4                __lwp_stack_free
 .text.__lwp_wd_settimer
                0x80017100       0xe0 D:/Programlar/Devkitpro/libogc/lib/wii\libogc.a(lwp_watchdog.o)
 .text.__lwp_watchdog_init
                0x800171e0       0x2c D:/Programlar/Devkitpro/libogc/lib/wii\libogc.a(lwp_watchdog.o)
                0x800171e0                __lwp_watchdog_init
 .text.__lwp_wd_insert
                0x8001720c      0x194 D:/Programlar/Devkitpro/libogc/lib/wii\libogc.a(lwp_watchdog.o)
                0x8001720c                __lwp_wd_insert
 .text.__lwp_wd_remove
                0x800173a0      0x138 D:/Programlar/Devkitpro/libogc/lib/wii\libogc.a(lwp_watchdog.o)
                0x800173a0                __lwp_wd_remove
 .text.__lwp_wd_tickle
                0x800174d8      0x120 D:/Programlar/Devkitpro/libogc/lib/wii\libogc.a(lwp_watchdog.o)
                0x800174d8                __lwp_wd_tickle
 .text.__lwp_wkspace_init
                0x800175f8       0xc0 D:/Programlar/Devkitpro/libogc/lib/wii\libogc.a(lwp_wkspace.o)
                0x800175f8                __lwp_wkspace_init
 .text.__lwp_objmgr_initinfo
                0x800176b8      0x1a0 D:/Programlar/Devkitpro/libogc/lib/wii\libogc.a(lwp_objmgr.o)
                0x800176b8                __lwp_objmgr_initinfo
 .text.__lwp_objmgr_getisrdisable
                0x80017858       0x60 D:/Programlar/Devkitpro/libogc/lib/wii\libogc.a(lwp_objmgr.o)
                0x80017858                __lwp_objmgr_getisrdisable
 .text.__lwp_objmgr_getnoprotection
                0x800178b8       0x24 D:/Programlar/Devkitpro/libogc/lib/wii\libogc.a(lwp_objmgr.o)
                0x800178b8                __lwp_objmgr_getnoprotection
 .text.__lwp_objmgr_get
                0x800178dc       0x6c D:/Programlar/Devkitpro/libogc/lib/wii\libogc.a(lwp_objmgr.o)
                0x800178dc                __lwp_objmgr_get
 .text.__lwp_objmgr_allocate
                0x80017948       0x88 D:/Programlar/Devkitpro/libogc/lib/wii\libogc.a(lwp_objmgr.o)
                0x80017948                __lwp_objmgr_allocate
 .text.__lwp_objmgr_free
                0x800179d0       0x60 D:/Programlar/Devkitpro/libogc/lib/wii\libogc.a(lwp_objmgr.o)
                0x800179d0                __lwp_objmgr_free
 .text.__lwp_heap_init
                0x80017a30       0xa4 D:/Programlar/Devkitpro/libogc/lib/wii\libogc.a(lwp_heap.o)
                0x80017a30                __lwp_heap_init
 .text.__lwp_heap_allocate
                0x80017ad4      0x160 D:/Programlar/Devkitpro/libogc/lib/wii\libogc.a(lwp_heap.o)
                0x80017ad4                __lwp_heap_allocate
 .text.__lwp_heap_free
                0x80017c34      0x188 D:/Programlar/Devkitpro/libogc/lib/wii\libogc.a(lwp_heap.o)
                0x80017c34                __lwp_heap_free
 .text.__SetInterrupts
                0x80017dbc      0x268 D:/Programlar/Devkitpro/libogc/lib/wii\libogc.a(irq.o)
 .text.c_irqdispatcher
                0x80018024      0x278 D:/Programlar/Devkitpro/libogc/lib/wii\libogc.a(irq.o)
                0x80018024                c_irqdispatcher
 .text.__UnmaskIrq
                0x8001829c       0x84 D:/Programlar/Devkitpro/libogc/lib/wii\libogc.a(irq.o)
                0x8001829c                __UnmaskIrq
 .text.__MaskIrq
                0x80018320       0x84 D:/Programlar/Devkitpro/libogc/lib/wii\libogc.a(irq.o)
                0x80018320                __MaskIrq
 .text.__irq_init
                0x800183a4       0x9c D:/Programlar/Devkitpro/libogc/lib/wii\libogc.a(irq.o)
                0x800183a4                __irq_init
 .text.IRQ_Request
                0x80018440       0x50 D:/Programlar/Devkitpro/libogc/lib/wii\libogc.a(irq.o)
                0x80018440                IRQ_Request
 .text.IRQ_GetHandler
                0x80018490       0x44 D:/Programlar/Devkitpro/libogc/lib/wii\libogc.a(irq.o)
                0x80018490                IRQ_GetHandler
 .text.IRQ_Disable
                0x800184d4       0x1c D:/Programlar/Devkitpro/libogc/lib/wii\libogc.a(irq.o)
                0x800184d4                IRQ_Disable
 .text.IRQ_Restore
                0x800184f0       0x1c D:/Programlar/Devkitpro/libogc/lib/wii\libogc.a(irq.o)
                0x800184f0                IRQ_Restore
 .text.__VISendI2CData.constprop.0.isra.0
                0x8001850c      0x450 D:/Programlar/Devkitpro/libogc/lib/wii\libogc.a(video.o)
 .text.__setFbbRegs.constprop.0
                0x8001895c      0x190 D:/Programlar/Devkitpro/libogc/lib/wii\libogc.a(video.o)
 .text.__VISetYUVSEL
                0x80018aec       0xb8 D:/Programlar/Devkitpro/libogc/lib/wii\libogc.a(video.o)
 .text.VIDEO_Configure
                0x80018ba4      0x5ec D:/Programlar/Devkitpro/libogc/lib/wii\libogc.a(video.o)
                0x80018ba4                VIDEO_Configure
 .text.VIDEO_WaitVSync
                0x80019190       0x74 D:/Programlar/Devkitpro/libogc/lib/wii\libogc.a(video.o)
                0x80019190                VIDEO_WaitVSync
 .text.VIDEO_SetFramebuffer
                0x80019204      0x108 D:/Programlar/Devkitpro/libogc/lib/wii\libogc.a(video.o)
                0x80019204                VIDEO_SetFramebuffer
 .text.VIDEO_SetNextFramebuffer
                0x8001930c       0x70 D:/Programlar/Devkitpro/libogc/lib/wii\libogc.a(video.o)
                0x8001930c                VIDEO_SetNextFramebuffer
 .text.VIDEO_Flush
                0x8001937c       0xf4 D:/Programlar/Devkitpro/libogc/lib/wii\libogc.a(video.o)
                0x8001937c                VIDEO_Flush
 .text.VIDEO_SetBlack
                0x80019470      0x15c D:/Programlar/Devkitpro/libogc/lib/wii\libogc.a(video.o)
                0x80019470                VIDEO_SetBlack
 .text.VIDEO_GetCurrentTvMode
                0x800195cc       0x78 D:/Programlar/Devkitpro/libogc/lib/wii\libogc.a(video.o)
                0x800195cc                VIDEO_GetCurrentTvMode
 .text.__VIRetraceHandler
                0x80019644      0x298 D:/Programlar/Devkitpro/libogc/lib/wii\libogc.a(video.o)
 .text.__VISetupEncoder
                0x800198dc      0x2cc D:/Programlar/Devkitpro/libogc/lib/wii\libogc.a(video.o)
 .text.VIDEO_Init
                0x80019ba8      0x4e4 D:/Programlar/Devkitpro/libogc/lib/wii\libogc.a(video.o)
                0x80019ba8                VIDEO_Init
 .text.VIDEO_GetPreferredMode
                0x8001a08c      0x108 D:/Programlar/Devkitpro/libogc/lib/wii\libogc.a(video.o)
                0x8001a08c                VIDEO_GetPreferredMode
 .text.VIDEO_GetCurrentLine
                0x8001a194       0x9c D:/Programlar/Devkitpro/libogc/lib/wii\libogc.a(video.o)
                0x8001a194                VIDEO_GetCurrentLine
 .text.VIDEO_GetFrameBufferSize
                0x8001a230       0x34 D:/Programlar/Devkitpro/libogc/lib/wii\libogc.a(video.o)
                0x8001a230                VIDEO_GetFrameBufferSize
 .text.__call_resetfuncs
                0x8001a264       0xbc D:/Programlar/Devkitpro/libogc/lib/wii\libogc.a(system.o)
 .text.__MEMInterruptHandler
                0x8001a320       0x14 D:/Programlar/Devkitpro/libogc/lib/wii\libogc.a(system.o)
 .text.__RSWDefaultHandler
                0x8001a334        0x4 D:/Programlar/Devkitpro/libogc/lib/wii\libogc.a(system.o)
 .text.__POWDefaultHandler
                0x8001a338        0x4 D:/Programlar/Devkitpro/libogc/lib/wii\libogc.a(system.o)
 .text.__STMEventHandler
                0x8001a33c      0x104 D:/Programlar/Devkitpro/libogc/lib/wii\libogc.a(system.o)
 .text.__getrtc
                0x8001a440      0x13c D:/Programlar/Devkitpro/libogc/lib/wii\libogc.a(system.o)
 .text.__sram_write
                0x8001a57c      0x130 D:/Programlar/Devkitpro/libogc/lib/wii\libogc.a(system.o)
 .text.__sram_writecallback
                0x8001a6ac       0x54 D:/Programlar/Devkitpro/libogc/lib/wii\libogc.a(system.o)
 .text.__mem_onreset
                0x8001a700       0x48 D:/Programlar/Devkitpro/libogc/lib/wii\libogc.a(system.o)
 .text.__unlocksram
                0x8001a748      0x174 D:/Programlar/Devkitpro/libogc/lib/wii\libogc.a(system.o)
 .text.__sys_alarmhandler
                0x8001a8bc      0x154 D:/Programlar/Devkitpro/libogc/lib/wii\libogc.a(system.o)
 .text.__syscall_malloc_lock
                0x8001aa10        0x4 D:/Programlar/Devkitpro/libogc/lib/wii\libogc.a(system.o)
                0x8001aa10                __syscall_malloc_lock
 .text.__syscall_malloc_unlock
                0x8001aa14        0x4 D:/Programlar/Devkitpro/libogc/lib/wii\libogc.a(system.o)
                0x8001aa14                __syscall_malloc_unlock
 .text.__syscall_nanosleep
                0x8001aa18        0x4 D:/Programlar/Devkitpro/libogc/lib/wii\libogc.a(system.o)
                0x8001aa18                __syscall_nanosleep
 .text.__SYS_GetRTC
                0x8001aa1c       0xa0 D:/Programlar/Devkitpro/libogc/lib/wii\libogc.a(system.o)
                0x8001aa1c                __SYS_GetRTC
 .text.__SYS_SetBootTime
                0x8001aabc      0x108 D:/Programlar/Devkitpro/libogc/lib/wii\libogc.a(system.o)
                0x8001aabc                __SYS_SetBootTime
 .text.__SYS_GetIPCBufferLo
                0x8001abc4        0x8 D:/Programlar/Devkitpro/libogc/lib/wii\libogc.a(system.o)
                0x8001abc4                __SYS_GetIPCBufferLo
 .text.__SYS_GetIPCBufferHi
                0x8001abcc        0x8 D:/Programlar/Devkitpro/libogc/lib/wii\libogc.a(system.o)
                0x8001abcc                __SYS_GetIPCBufferHi
 .text.__SYS_DoPowerCB
                0x8001abd4       0x74 D:/Programlar/Devkitpro/libogc/lib/wii\libogc.a(system.o)
                0x8001abd4                __SYS_DoPowerCB
 .text.__SYS_PreInit
                0x8001ac48        0x4 D:/Programlar/Devkitpro/libogc/lib/wii\libogc.a(system.o)
                0x8001ac48                __SYS_PreInit
 .text.SYS_PreMain
                0x8001ac4c       0x7c D:/Programlar/Devkitpro/libogc/lib/wii\libogc.a(system.o)
                0x8001ac4c                SYS_PreMain
 .text.SYS_ResetButtonDown
                0x8001acc8       0x18 D:/Programlar/Devkitpro/libogc/lib/wii\libogc.a(system.o)
                0x8001acc8                SYS_ResetButtonDown
 .text.SYS_ResetSystem
                0x8001ace0      0x210 D:/Programlar/Devkitpro/libogc/lib/wii\libogc.a(system.o)
                0x8001ace0                SYS_ResetSystem
 .text.__reload
                0x8001aef0       0x80 D:/Programlar/Devkitpro/libogc/lib/wii\libogc.a(system.o)
                0x8001aef0                __reload
 .text.__syscall_exit
                0x8001af70       0x88 D:/Programlar/Devkitpro/libogc/lib/wii\libogc.a(system.o)
                0x8001af70                __syscall_exit
 .text.SYS_RegisterResetFunc
                0x8001aff8       0x78 D:/Programlar/Devkitpro/libogc/lib/wii\libogc.a(system.o)
                0x8001aff8                SYS_RegisterResetFunc
 .text.SYS_SetArena1Lo
                0x8001b070       0x38 D:/Programlar/Devkitpro/libogc/lib/wii\libogc.a(system.o)
                0x8001b070                SYS_SetArena1Lo
 .text.SYS_GetArena1Lo
                0x8001b0a8       0x38 D:/Programlar/Devkitpro/libogc/lib/wii\libogc.a(system.o)
                0x8001b0a8                SYS_GetArena1Lo
 .text.SYS_GetArena1Hi
                0x8001b0e0       0x38 D:/Programlar/Devkitpro/libogc/lib/wii\libogc.a(system.o)
                0x8001b0e0                SYS_GetArena1Hi
 .text.SYS_SetArena2Lo
                0x8001b118       0x38 D:/Programlar/Devkitpro/libogc/lib/wii\libogc.a(system.o)
                0x8001b118                SYS_SetArena2Lo
 .text.SYS_GetArena2Lo
                0x8001b150       0x38 D:/Programlar/Devkitpro/libogc/lib/wii\libogc.a(system.o)
                0x8001b150                SYS_GetArena2Lo
 .text.SYS_SetArena2Hi
                0x8001b188       0x38 D:/Programlar/Devkitpro/libogc/lib/wii\libogc.a(system.o)
                0x8001b188                SYS_SetArena2Hi
 .text.SYS_GetArena2Hi
                0x8001b1c0       0x38 D:/Programlar/Devkitpro/libogc/lib/wii\libogc.a(system.o)
                0x8001b1c0                SYS_GetArena2Hi
 .text.SYS_AllocateFramebuffer
                0x8001b1f8       0x28 D:/Programlar/Devkitpro/libogc/lib/wii\libogc.a(system.o)
                0x8001b1f8                SYS_AllocateFramebuffer
 .text.SYS_CreateAlarm
                0x8001b220       0xf0 D:/Programlar/Devkitpro/libogc/lib/wii\libogc.a(system.o)
                0x8001b220                SYS_CreateAlarm
 .text.SYS_SetAlarm
                0x8001b310      0x1e0 D:/Programlar/Devkitpro/libogc/lib/wii\libogc.a(system.o)
                0x8001b310                SYS_SetAlarm
 .text.SYS_SetPeriodicAlarm
                0x8001b4f0      0x270 D:/Programlar/Devkitpro/libogc/lib/wii\libogc.a(system.o)
                0x8001b4f0                SYS_SetPeriodicAlarm
 .text.SYS_RemoveAlarm
                0x8001b760      0x10c D:/Programlar/Devkitpro/libogc/lib/wii\libogc.a(system.o)
                0x8001b760                SYS_RemoveAlarm
 .text.SYS_CancelAlarm
                0x8001b86c       0xbc D:/Programlar/Devkitpro/libogc/lib/wii\libogc.a(system.o)
                0x8001b86c                SYS_CancelAlarm
 .text.SYS_GetWirelessID
                0x8001b928       0x94 D:/Programlar/Devkitpro/libogc/lib/wii\libogc.a(system.o)
                0x8001b928                SYS_GetWirelessID
 .text.SYS_SetWirelessID
                0x8001b9bc       0x90 D:/Programlar/Devkitpro/libogc/lib/wii\libogc.a(system.o)
                0x8001b9bc                SYS_SetWirelessID
 .text.SYS_SetGBSMode
                0x8001ba4c       0xa8 D:/Programlar/Devkitpro/libogc/lib/wii\libogc.a(system.o)
                0x8001ba4c                SYS_SetGBSMode
 .text.__sram_init
                0x8001baf4      0x1b8 D:/Programlar/Devkitpro/libogc/lib/wii\libogc.a(system.o)
                0x8001baf4                __sram_init
 .text.SYS_Init
                0x8001bcac      0x5e8 D:/Programlar/Devkitpro/libogc/lib/wii\libogc.a(system.o)
                0x8001bcac                SYS_Init
 .text.SYS_GetHollywoodRevision
                0x8001c294       0x3c D:/Programlar/Devkitpro/libogc/lib/wii\libogc.a(system.o)
                0x8001c294                SYS_GetHollywoodRevision
 .text.SYS_Time
                0x8001c2d0       0x78 D:/Programlar/Devkitpro/libogc/lib/wii\libogc.a(system.o)
                0x8001c2d0                SYS_Time
 .text.__lwp_cond_init
                0x8001c348       0x14 D:/Programlar/Devkitpro/libogc/lib/wii\libogc.a(cond.o)
                0x8001c348                __lwp_cond_init
 .text.__decrementer_init
                0x8001c35c        0x4 D:/Programlar/Devkitpro/libogc/lib/wii\libogc.a(decrementer.o)
                0x8001c35c                __decrementer_init
 .text.c_decrementer_handler
                0x8001c360        0xc D:/Programlar/Devkitpro/libogc/lib/wii\libogc.a(decrementer.o)
                0x8001c360                c_decrementer_handler
 .text.__lwp_mqbox_init
                0x8001c36c       0x14 D:/Programlar/Devkitpro/libogc/lib/wii\libogc.a(message.o)
                0x8001c36c                __lwp_mqbox_init
 .text.__si_transfer
                0x8001c380      0x1a4 D:/Programlar/Devkitpro/libogc/lib/wii\libogc.a(si.o)
 .text.__si_alarmhandler
                0x8001c524       0xdc D:/Programlar/Devkitpro/libogc/lib/wii\libogc.a(si.o)
 .text.__si_completetransfer
                0x8001c600      0x1fc D:/Programlar/Devkitpro/libogc/lib/wii\libogc.a(si.o)
 .text.__si_transfernext
                0x8001c7fc       0xe0 D:/Programlar/Devkitpro/libogc/lib/wii\libogc.a(si.o)
 .text.SI_Busy  0x8001c8dc       0x18 D:/Programlar/Devkitpro/libogc/lib/wii\libogc.a(si.o)
                0x8001c8dc                SI_Busy
 .text.SI_IsChanBusy
                0x8001c8f4       0x38 D:/Programlar/Devkitpro/libogc/lib/wii\libogc.a(si.o)
                0x8001c8f4                SI_IsChanBusy
 .text.SI_SetXY
                0x8001c92c       0x64 D:/Programlar/Devkitpro/libogc/lib/wii\libogc.a(si.o)
                0x8001c92c                SI_SetXY
 .text.SI_EnablePolling
                0x8001c990       0x80 D:/Programlar/Devkitpro/libogc/lib/wii\libogc.a(si.o)
                0x8001c990                SI_EnablePolling
 .text.SI_DisablePolling
                0x8001ca10       0x58 D:/Programlar/Devkitpro/libogc/lib/wii\libogc.a(si.o)
                0x8001ca10                SI_DisablePolling
 .text.SI_SetSamplingRate
                0x8001ca68       0xd8 D:/Programlar/Devkitpro/libogc/lib/wii\libogc.a(si.o)
                0x8001ca68                SI_SetSamplingRate
 .text.SI_RefreshSamplingRate
                0x8001cb40        0x8 D:/Programlar/Devkitpro/libogc/lib/wii\libogc.a(si.o)
                0x8001cb40                SI_RefreshSamplingRate
 .text.SI_GetStatus
                0x8001cb48       0x78 D:/Programlar/Devkitpro/libogc/lib/wii\libogc.a(si.o)
                0x8001cb48                SI_GetStatus
 .text.SI_GetResponseRaw
                0x8001cbc0       0xe8 D:/Programlar/Devkitpro/libogc/lib/wii\libogc.a(si.o)
                0x8001cbc0                SI_GetResponseRaw
 .text.SI_GetResponse
                0x8001cca8       0xb8 D:/Programlar/Devkitpro/libogc/lib/wii\libogc.a(si.o)
                0x8001cca8                SI_GetResponse
 .text.SI_SetCommand
                0x8001cd60       0x10 D:/Programlar/Devkitpro/libogc/lib/wii\libogc.a(si.o)
                0x8001cd60                SI_SetCommand
 .text.SI_Transfer
                0x8001cd70      0x26c D:/Programlar/Devkitpro/libogc/lib/wii\libogc.a(si.o)
                0x8001cd70                SI_Transfer
 .text.__si_gettypecallback
                0x8001cfdc      0x2c0 D:/Programlar/Devkitpro/libogc/lib/wii\libogc.a(si.o)
 .text.__si_interrupthandler
                0x8001d29c      0x268 D:/Programlar/Devkitpro/libogc/lib/wii\libogc.a(si.o)
 .text.SI_GetType
                0x8001d504      0x1f4 D:/Programlar/Devkitpro/libogc/lib/wii\libogc.a(si.o)
                0x8001d504                SI_GetType
 .text.SI_GetTypeAsync
                0x8001d6f8      0x138 D:/Programlar/Devkitpro/libogc/lib/wii\libogc.a(si.o)
                0x8001d6f8                SI_GetTypeAsync
 .text.SI_EnablePollingInterrupt
                0x8001d830       0x8c D:/Programlar/Devkitpro/libogc/lib/wii\libogc.a(si.o)
                0x8001d830                SI_EnablePollingInterrupt
 .text.SI_UnregisterPollingHandler
                0x8001d8bc       0xe0 D:/Programlar/Devkitpro/libogc/lib/wii\libogc.a(si.o)
                0x8001d8bc                SI_UnregisterPollingHandler
 .text.__si_init
                0x8001d99c       0xe8 D:/Programlar/Devkitpro/libogc/lib/wii\libogc.a(si.o)
                0x8001d99c                __si_init
 .text.__ipc_sendrequest
                0x8001da84      0x104 D:/Programlar/Devkitpro/libogc/lib/wii\libogc.a(ipc.o)
 .text.__ipc_syncrequest
                0x8001db88       0xe4 D:/Programlar/Devkitpro/libogc/lib/wii\libogc.a(ipc.o)
 .text.__ioctlvfmtCB
                0x8001dc6c      0x158 D:/Programlar/Devkitpro/libogc/lib/wii\libogc.a(ipc.o)
 .text.__ios_ioctlvformat_parse
                0x8001ddc4      0x820 D:/Programlar/Devkitpro/libogc/lib/wii\libogc.a(ipc.o)
 .text.__ipc_asyncrequest
                0x8001e5e4      0x13c D:/Programlar/Devkitpro/libogc/lib/wii\libogc.a(ipc.o)
 .text.__ipc_interrupthandler
                0x8001e720      0x34c D:/Programlar/Devkitpro/libogc/lib/wii\libogc.a(ipc.o)
 .text.iosCreateHeap
                0x8001ea6c      0x130 D:/Programlar/Devkitpro/libogc/lib/wii\libogc.a(ipc.o)
                0x8001ea6c                iosCreateHeap
 .text.iosAlloc
                0x8001eb9c       0x30 D:/Programlar/Devkitpro/libogc/lib/wii\libogc.a(ipc.o)
                0x8001eb9c                iosAlloc
 .text.iosFree  0x8001ebcc       0x28 D:/Programlar/Devkitpro/libogc/lib/wii\libogc.a(ipc.o)
                0x8001ebcc                iosFree
 .text.__IPC_ClntInit
                0x8001ebf4       0xc8 D:/Programlar/Devkitpro/libogc/lib/wii\libogc.a(ipc.o)
                0x8001ebf4                __IPC_ClntInit
 .text.IOS_Open
                0x8001ecbc      0x110 D:/Programlar/Devkitpro/libogc/lib/wii\libogc.a(ipc.o)
                0x8001ecbc                IOS_Open
 .text.IOS_Close
                0x8001edcc       0xf0 D:/Programlar/Devkitpro/libogc/lib/wii\libogc.a(ipc.o)
                0x8001edcc                IOS_Close
 .text.IOS_CloseAsync
                0x8001eebc       0xb4 D:/Programlar/Devkitpro/libogc/lib/wii\libogc.a(ipc.o)
                0x8001eebc                IOS_CloseAsync
 .text.IOS_Read
                0x8001ef70      0x10c D:/Programlar/Devkitpro/libogc/lib/wii\libogc.a(ipc.o)
                0x8001ef70                IOS_Read
 .text.IOS_Write
                0x8001f07c      0x10c D:/Programlar/Devkitpro/libogc/lib/wii\libogc.a(ipc.o)
                0x8001f07c                IOS_Write
 .text.IOS_Ioctl
                0x8001f188      0x158 D:/Programlar/Devkitpro/libogc/lib/wii\libogc.a(ipc.o)
                0x8001f188                IOS_Ioctl
 .text.IOS_IoctlAsync
                0x8001f2e0      0x148 D:/Programlar/Devkitpro/libogc/lib/wii\libogc.a(ipc.o)
                0x8001f2e0                IOS_IoctlAsync
 .text.IOS_Ioctlv
                0x8001f428      0x1f0 D:/Programlar/Devkitpro/libogc/lib/wii\libogc.a(ipc.o)
                0x8001f428                IOS_Ioctlv
 .text.IOS_IoctlvAsync
                0x8001f618      0x1d4 D:/Programlar/Devkitpro/libogc/lib/wii\libogc.a(ipc.o)
                0x8001f618                IOS_IoctlvAsync
 .text.IOS_IoctlvFormat
                0x8001f7ec      0x16c D:/Programlar/Devkitpro/libogc/lib/wii\libogc.a(ipc.o)
                0x8001f7ec                IOS_IoctlvFormat
 .text.IOS_IoctlvReboot
                0x8001f958      0x1f4 D:/Programlar/Devkitpro/libogc/lib/wii\libogc.a(ipc.o)
                0x8001f958                IOS_IoctlvReboot
 .text.gettick  0x8001fb4c        0x8 D:/Programlar/Devkitpro/libogc/lib/wii\libogc.a(timesupp.o)
                0x8001fb4c                gettick
 .text.gettime  0x8001fb54       0x18 D:/Programlar/Devkitpro/libogc/lib/wii\libogc.a(timesupp.o)
                0x8001fb54                gettime
 .text.settime  0x8001fb6c       0x14 D:/Programlar/Devkitpro/libogc/lib/wii\libogc.a(timesupp.o)
                0x8001fb6c                settime
 .text.diff_usec
                0x8001fb80       0x88 D:/Programlar/Devkitpro/libogc/lib/wii\libogc.a(timesupp.o)
                0x8001fb80                diff_usec
 .text.__timesystem_init
                0x8001fc08       0x1c D:/Programlar/Devkitpro/libogc/lib/wii\libogc.a(timesupp.o)
                0x8001fc08                __timesystem_init
 .text.udelay   0x8001fc24       0xac D:/Programlar/Devkitpro/libogc/lib/wii\libogc.a(timesupp.o)
                0x8001fc24                udelay
 .text.__libogc_nanosleep
                0x8001fcd0      0x144 D:/Programlar/Devkitpro/libogc/lib/wii\libogc.a(timesupp.o)
                0x8001fcd0                __libogc_nanosleep
 .text.__syscall_lock_init
                0x8001fe14       0x6c D:/Programlar/Devkitpro/libogc/lib/wii\libogc.a(lock_supp.o)
                0x8001fe14                __syscall_lock_init
 .text.__syscall_lock_init_recursive
                0x8001fe80       0x6c D:/Programlar/Devkitpro/libogc/lib/wii\libogc.a(lock_supp.o)
                0x8001fe80                __syscall_lock_init_recursive
 .text.__syscall_lock_close
                0x8001feec       0x68 D:/Programlar/Devkitpro/libogc/lib/wii\libogc.a(lock_supp.o)
                0x8001feec                __syscall_lock_close
 .text.__syscall_lock_acquire
                0x8001ff54       0x18 D:/Programlar/Devkitpro/libogc/lib/wii\libogc.a(lock_supp.o)
                0x8001ff54                __syscall_lock_acquire
 .text.__syscall_lock_release
                0x8001ff6c       0x18 D:/Programlar/Devkitpro/libogc/lib/wii\libogc.a(lock_supp.o)
                0x8001ff6c                __syscall_lock_release
 .text.__usbgecko_exi_unlock
                0x8001ff84       0x34 D:/Programlar/Devkitpro/libogc/lib/wii\libogc.a(usbgecko.o)
 .text.usb_isgeckoalive
                0x8001ffb8      0x1bc D:/Programlar/Devkitpro/libogc/lib/wii\libogc.a(usbgecko.o)
                0x8001ffb8                usb_isgeckoalive
 .text.usb_sendbuffer_ex
                0x80020174      0x214 D:/Programlar/Devkitpro/libogc/lib/wii\libogc.a(usbgecko.o)
                0x80020174                usb_sendbuffer_ex
 .text.usb_sendbuffer
                0x80020388        0x8 D:/Programlar/Devkitpro/libogc/lib/wii\libogc.a(usbgecko.o)
                0x80020388                usb_sendbuffer
 .text.usb_sendbuffer_safe_ex
                0x80020390      0x2a8 D:/Programlar/Devkitpro/libogc/lib/wii\libogc.a(usbgecko.o)
                0x80020390                usb_sendbuffer_safe_ex
 .text.usb_sendbuffer_safe
                0x80020638        0x8 D:/Programlar/Devkitpro/libogc/lib/wii\libogc.a(usbgecko.o)
                0x80020638                usb_sendbuffer_safe
 .text._sbrk_r  0x80020640      0x28c D:/Programlar/Devkitpro/libogc/lib/wii\libogc.a(sbrk.o)
                0x80020640                _sbrk_r
 .text.__memlock_init
                0x800208cc       0x7c D:/Programlar/Devkitpro/libogc/lib/wii\libogc.a(malloc_lock.o)
                0x800208cc                __memlock_init
 .text.__libogc_malloc_lock
                0x80020948      0x1fc D:/Programlar/Devkitpro/libogc/lib/wii\libogc.a(malloc_lock.o)
                0x80020948                __libogc_malloc_lock
 .text.__libogc_malloc_unlock
                0x80020b44       0x64 D:/Programlar/Devkitpro/libogc/lib/wii\libogc.a(malloc_lock.o)
                0x80020b44                __libogc_malloc_unlock
 .text.__STM_SetEventHook
                0x80020ba8       0xb0 D:/Programlar/Devkitpro/libogc/lib/wii\libogc.a(stm.o)
                0x80020ba8                __STM_SetEventHook
 .text.__STM_Init
                0x80020c58       0x8c D:/Programlar/Devkitpro/libogc/lib/wii\libogc.a(stm.o)
                0x80020c58                __STM_Init
 .text.__STMEventHandler
                0x80020ce4       0x64 D:/Programlar/Devkitpro/libogc/lib/wii\libogc.a(stm.o)
 .text.__STM_ReleaseEventHook
                0x80020d48       0x80 D:/Programlar/Devkitpro/libogc/lib/wii\libogc.a(stm.o)
                0x80020d48                __STM_ReleaseEventHook
 .text.__STM_Close
                0x80020dc8       0xac D:/Programlar/Devkitpro/libogc/lib/wii\libogc.a(stm.o)
                0x80020dc8                __STM_Close
 .text.STM_RegisterEventHandler
                0x80020e74       0x10 D:/Programlar/Devkitpro/libogc/lib/wii\libogc.a(stm.o)
                0x80020e74                STM_RegisterEventHandler
 .text.STM_ShutdownToStandby
                0x80020e84       0x50 D:/Programlar/Devkitpro/libogc/lib/wii\libogc.a(stm.o)
                0x80020e84                STM_ShutdownToStandby
 .text.STM_ShutdownToIdle
                0x80020ed4       0x70 D:/Programlar/Devkitpro/libogc/lib/wii\libogc.a(stm.o)
                0x80020ed4                STM_ShutdownToIdle
 .text.STM_SetLedMode
                0x80020f44       0x40 D:/Programlar/Devkitpro/libogc/lib/wii\libogc.a(stm.o)
                0x80020f44                STM_SetLedMode
 .text.STM_RebootSystem
                0x80020f84       0x50 D:/Programlar/Devkitpro/libogc/lib/wii\libogc.a(stm.o)
                0x80020f84                STM_RebootSystem
 .text.__IOS_InitializeSubsystems
                0x80020fd4       0x44 D:/Programlar/Devkitpro/libogc/lib/wii\libogc.a(ios.o)
                0x80020fd4                __IOS_InitializeSubsystems
 .text.__IOS_ShutdownSubsystems
                0x80021018       0x44 D:/Programlar/Devkitpro/libogc/lib/wii\libogc.a(ios.o)
                0x80021018                __IOS_ShutdownSubsystems
 .text.__IOS_LoadStartupIOS
                0x8002105c        0x8 D:/Programlar/Devkitpro/libogc/lib/wii\libogc.a(ios.o)
                0x8002105c                __IOS_LoadStartupIOS
 .text._ES_fstat_r
                0x80021064      0x120 D:/Programlar/Devkitpro/libogc/lib/wii\libogc.a(es.o)
 .text._ES_seek_r
                0x80021184       0xdc D:/Programlar/Devkitpro/libogc/lib/wii\libogc.a(es.o)
 .text._ES_close_r
                0x80021260       0xac D:/Programlar/Devkitpro/libogc/lib/wii\libogc.a(es.o)
 .text.__ES_Init
                0x8002130c       0x78 D:/Programlar/Devkitpro/libogc/lib/wii\libogc.a(es.o)
                0x8002130c                __ES_Init
 .text.__ES_Close
                0x80021384       0x54 D:/Programlar/Devkitpro/libogc/lib/wii\libogc.a(es.o)
                0x80021384                __ES_Close
 .text.ES_GetTitleID
                0x800213d8       0x94 D:/Programlar/Devkitpro/libogc/lib/wii\libogc.a(es.o)
                0x800213d8                ES_GetTitleID
 .text.ES_LaunchTitle
                0x8002146c       0xa4 D:/Programlar/Devkitpro/libogc/lib/wii\libogc.a(es.o)
                0x8002146c                ES_LaunchTitle
 .text.ES_GetNumTicketViews
                0x80021510       0x98 D:/Programlar/Devkitpro/libogc/lib/wii\libogc.a(es.o)
                0x80021510                ES_GetNumTicketViews
 .text.ES_GetTicketViews
                0x800215a8       0x8c D:/Programlar/Devkitpro/libogc/lib/wii\libogc.a(es.o)
                0x800215a8                ES_GetTicketViews
 .text.ES_GetStoredTMD
                0x80021634       0x90 D:/Programlar/Devkitpro/libogc/lib/wii\libogc.a(es.o)
                0x80021634                ES_GetStoredTMD
 .text._ES_decodepath
                0x800216c4      0x440 D:/Programlar/Devkitpro/libogc/lib/wii\libogc.a(es.o)
 .text._ES_stat_r
                0x80021b04       0xf4 D:/Programlar/Devkitpro/libogc/lib/wii\libogc.a(es.o)
 .text._ES_open_r
                0x80021bf8      0x1d0 D:/Programlar/Devkitpro/libogc/lib/wii\libogc.a(es.o)
 .text.ES_ReadContent
                0x80021dc8       0x6c D:/Programlar/Devkitpro/libogc/lib/wii\libogc.a(es.o)
                0x80021dc8                ES_ReadContent
 .text._ES_read_r
                0x80021e34      0x17c D:/Programlar/Devkitpro/libogc/lib/wii\libogc.a(es.o)
 .text.__usbv5_devicechangeCB
                0x80021fb0      0x180 D:/Programlar/Devkitpro/libogc/lib/wii\libogc.a(usb.o)
 .text.__usbv5_attachfinishCB
                0x80022130       0xcc D:/Programlar/Devkitpro/libogc/lib/wii\libogc.a(usb.o)
 .text.__usbv5_messageCB
                0x800221fc       0x5c D:/Programlar/Devkitpro/libogc/lib/wii\libogc.a(usb.o)
 .text.__usbv0_messageCB
                0x80022258       0xa8 D:/Programlar/Devkitpro/libogc/lib/wii\libogc.a(usb.o)
 .text.__usb_control_message
                0x80022300      0x428 D:/Programlar/Devkitpro/libogc/lib/wii\libogc.a(usb.o)
 .text.__usb_interrupt_bulk_message
                0x80022728      0x2c0 D:/Programlar/Devkitpro/libogc/lib/wii\libogc.a(usb.o)
 .text.USB_FreeDescriptors.part.0
                0x800229e8       0xfc D:/Programlar/Devkitpro/libogc/lib/wii\libogc.a(usb.o)
 .text.USB_GetDescriptors.part.0
                0x80022ae4      0x674 D:/Programlar/Devkitpro/libogc/lib/wii\libogc.a(usb.o)
 .text.USBV5_SuspendResume
                0x80023158      0x138 D:/Programlar/Devkitpro/libogc/lib/wii\libogc.a(usb.o)
 .text.USBV5_GetDescriptors
                0x80023290      0x518 D:/Programlar/Devkitpro/libogc/lib/wii\libogc.a(usb.o)
 .text.USB_Deinitialize
                0x800237a8       0xc8 D:/Programlar/Devkitpro/libogc/lib/wii\libogc.a(usb.o)
                0x800237a8                USB_Deinitialize
 .text.USB_Initialize
                0x80023870      0x2f8 D:/Programlar/Devkitpro/libogc/lib/wii\libogc.a(usb.o)
                0x80023870                USB_Initialize
 .text.USB_OpenDevice
                0x80023b68      0x2b8 D:/Programlar/Devkitpro/libogc/lib/wii\libogc.a(usb.o)
                0x80023b68                USB_OpenDevice
 .text.USBV5_CloseDevice
                0x80023e20      0x128 D:/Programlar/Devkitpro/libogc/lib/wii\libogc.a(usb.o)
                0x80023e20                USBV5_CloseDevice
 .text.USB_CloseDeviceAsync
                0x80023f48       0xd0 D:/Programlar/Devkitpro/libogc/lib/wii\libogc.a(usb.o)
                0x80023f48                USB_CloseDeviceAsync
 .text.USB_ReadIntrMsgAsync
                0x80024018       0x28 D:/Programlar/Devkitpro/libogc/lib/wii\libogc.a(usb.o)
                0x80024018                USB_ReadIntrMsgAsync
 .text.USB_ReadBlkMsgAsync
                0x80024040       0x28 D:/Programlar/Devkitpro/libogc/lib/wii\libogc.a(usb.o)
                0x80024040                USB_ReadBlkMsgAsync
 .text.USB_WriteBlkMsgAsync
                0x80024068       0x28 D:/Programlar/Devkitpro/libogc/lib/wii\libogc.a(usb.o)
                0x80024068                USB_WriteBlkMsgAsync
 .text.USB_WriteCtrlMsgAsync
                0x80024090        0x4 D:/Programlar/Devkitpro/libogc/lib/wii\libogc.a(usb.o)
                0x80024090                USB_WriteCtrlMsgAsync
 .text.__CheckARGV
                0x80024094       0x80 D:/Programlar/Devkitpro/libogc/lib/wii\libogc.a(argv.o)
                0x80024094                __CheckARGV
 .text.CONF_Init
                0x80024114      0x184 D:/Programlar/Devkitpro/libogc/lib/wii\libogc.a(conf.o)
                0x80024114                CONF_Init
 .text.__CONF_GetTxt
                0x80024298      0x208 D:/Programlar/Devkitpro/libogc/lib/wii\libogc.a(conf.o)
                0x80024298                __CONF_GetTxt
 .text.__CONF_Find
                0x800244a0       0xfc D:/Programlar/Devkitpro/libogc/lib/wii\libogc.a(conf.o)
                0x800244a0                __CONF_Find
 .text.CONF_GetLength
                0x8002459c      0x12c D:/Programlar/Devkitpro/libogc/lib/wii\libogc.a(conf.o)
                0x8002459c                CONF_GetLength
 .text.CONF_Get
                0x800246c8      0x140 D:/Programlar/Devkitpro/libogc/lib/wii\libogc.a(conf.o)
                0x800246c8                CONF_Get
 .text.CONF_GetShutdownMode
                0x80024808       0x54 D:/Programlar/Devkitpro/libogc/lib/wii\libogc.a(conf.o)
                0x80024808                CONF_GetShutdownMode
 .text.CONF_GetIdleLedMode
                0x8002485c       0x54 D:/Programlar/Devkitpro/libogc/lib/wii\libogc.a(conf.o)
                0x8002485c                CONF_GetIdleLedMode
 .text.CONF_GetProgressiveScan
                0x800248b0       0x54 D:/Programlar/Devkitpro/libogc/lib/wii\libogc.a(conf.o)
                0x800248b0                CONF_GetProgressiveScan
 .text.CONF_GetEuRGB60
                0x80024904       0x54 D:/Programlar/Devkitpro/libogc/lib/wii\libogc.a(conf.o)
                0x80024904                CONF_GetEuRGB60
 .text.CONF_GetIRSensitivity
                0x80024958       0x54 D:/Programlar/Devkitpro/libogc/lib/wii\libogc.a(conf.o)
                0x80024958                CONF_GetIRSensitivity
 .text.CONF_GetSensorBarPosition
                0x800249ac       0x54 D:/Programlar/Devkitpro/libogc/lib/wii\libogc.a(conf.o)
                0x800249ac                CONF_GetSensorBarPosition
 .text.CONF_GetCounterBias
                0x80024a00       0x4c D:/Programlar/Devkitpro/libogc/lib/wii\libogc.a(conf.o)
                0x80024a00                CONF_GetCounterBias
 .text.CONF_GetDisplayOffsetH
                0x80024a4c       0x4c D:/Programlar/Devkitpro/libogc/lib/wii\libogc.a(conf.o)
                0x80024a4c                CONF_GetDisplayOffsetH
 .text.CONF_GetPadDevices
                0x80024a98       0x4c D:/Programlar/Devkitpro/libogc/lib/wii\libogc.a(conf.o)
                0x80024a98                CONF_GetPadDevices
 .text.CONF_GetVideo
                0x80024ae4       0x88 D:/Programlar/Devkitpro/libogc/lib/wii\libogc.a(conf.o)
                0x80024ae4                CONF_GetVideo
 .text.__WII_WriteNANDBootInfo.isra.0
                0x80024b6c       0xbc D:/Programlar/Devkitpro/libogc/lib/wii\libogc.a(wiilaunch.o)
 .text.__WII_WriteStateFlags.isra.0
                0x80024c28       0x94 D:/Programlar/Devkitpro/libogc/lib/wii\libogc.a(wiilaunch.o)
 .text.WII_Initialize
                0x80024cbc      0x188 D:/Programlar/Devkitpro/libogc/lib/wii\libogc.a(wiilaunch.o)
                0x80024cbc                WII_Initialize
 .text.WII_LaunchTitle
                0x80024e44      0x1ac D:/Programlar/Devkitpro/libogc/lib/wii\libogc.a(wiilaunch.o)
                0x80024e44                WII_LaunchTitle
 .text.WII_ReturnToMenu
                0x80024ff0       0x58 D:/Programlar/Devkitpro/libogc/lib/wii\libogc.a(wiilaunch.o)
                0x80024ff0                WII_ReturnToMenu
 .text.__lwp_priority_init
                0x80025048       0x1c D:/Programlar/Devkitpro/libogc/lib/wii\libogc.a(lwp_priority.o)
                0x80025048                __lwp_priority_init
 .text.__lwp_threadqueue_enqueuefifo
                0x80025064      0x12c D:/Programlar/Devkitpro/libogc/lib/wii\libogc.a(lwp_threadq.o)
                0x80025064                __lwp_threadqueue_enqueuefifo
 .text.__lwp_threadqueue_dequeuefifo
                0x80025190      0x134 D:/Programlar/Devkitpro/libogc/lib/wii\libogc.a(lwp_threadq.o)
                0x80025190                __lwp_threadqueue_dequeuefifo
 .text.__lwp_threadqueue_enqueuepriority
                0x800252c4      0x334 D:/Programlar/Devkitpro/libogc/lib/wii\libogc.a(lwp_threadq.o)
                0x800252c4                __lwp_threadqueue_enqueuepriority
 .text.__lwp_threadqueue_dequeuepriority
                0x800255f8      0x1d8 D:/Programlar/Devkitpro/libogc/lib/wii\libogc.a(lwp_threadq.o)
                0x800255f8                __lwp_threadqueue_dequeuepriority
 .text.__lwp_threadqueue_init
                0x800257d0       0x64 D:/Programlar/Devkitpro/libogc/lib/wii\libogc.a(lwp_threadq.o)
                0x800257d0                __lwp_threadqueue_init
 .text.__lwp_threadqueue_enqueue
                0x80025834      0x138 D:/Programlar/Devkitpro/libogc/lib/wii\libogc.a(lwp_threadq.o)
                0x80025834                __lwp_threadqueue_enqueue
 .text.__lwp_threadqueue_dequeue
                0x8002596c       0x24 D:/Programlar/Devkitpro/libogc/lib/wii\libogc.a(lwp_threadq.o)
                0x8002596c                __lwp_threadqueue_dequeue
 .text.__lwp_threadqueue_flush
                0x80025990       0x68 D:/Programlar/Devkitpro/libogc/lib/wii\libogc.a(lwp_threadq.o)
                0x80025990                __lwp_threadqueue_flush
 .text.__lwp_threadqueue_extractfifo
                0x800259f8       0xe8 D:/Programlar/Devkitpro/libogc/lib/wii\libogc.a(lwp_threadq.o)
                0x800259f8                __lwp_threadqueue_extractfifo
 .text.__lwp_threadqueue_extractpriority
                0x80025ae0      0x148 D:/Programlar/Devkitpro/libogc/lib/wii\libogc.a(lwp_threadq.o)
                0x80025ae0                __lwp_threadqueue_extractpriority
 .text.__lwp_threadqueue_timeout
                0x80025c28       0xd0 D:/Programlar/Devkitpro/libogc/lib/wii\libogc.a(lwp_threadq.o)
 .text.__lwp_threadqueue_extractproxy
                0x80025cf8       0x64 D:/Programlar/Devkitpro/libogc/lib/wii\libogc.a(lwp_threadq.o)
                0x80025cf8                __lwp_threadqueue_extractproxy
 .text.__lwp_mutex_initialize
                0x80025d5c       0xa4 D:/Programlar/Devkitpro/libogc/lib/wii\libogc.a(lwp_mutex.o)
                0x80025d5c                __lwp_mutex_initialize
 .text.__lwp_mutex_surrender
                0x80025e00      0x14c D:/Programlar/Devkitpro/libogc/lib/wii\libogc.a(lwp_mutex.o)
                0x80025e00                __lwp_mutex_surrender
 .text.__lwp_mutex_seize_irq_blocking
                0x80025f4c       0xf8 D:/Programlar/Devkitpro/libogc/lib/wii\libogc.a(lwp_mutex.o)
                0x80025f4c                __lwp_mutex_seize_irq_blocking
 .text.__lwp_mutex_flush
                0x80026044        0x4 D:/Programlar/Devkitpro/libogc/lib/wii\libogc.a(lwp_mutex.o)
                0x80026044                __lwp_mutex_flush
 .text.__systemcall_init
                0x80026048       0x70 D:/Programlar/Devkitpro/libogc/lib/wii\libogc.a(exception.o)
                0x80026048                __systemcall_init
 .text.__exception_init
                0x800260b8      0x120 D:/Programlar/Devkitpro/libogc/lib/wii\libogc.a(exception.o)
                0x800260b8                __exception_init
 .text.__exception_close
                0x800261d8       0xac D:/Programlar/Devkitpro/libogc/lib/wii\libogc.a(exception.o)
                0x800261d8                __exception_close
 .text.__exception_closeall
                0x80026284       0x80 D:/Programlar/Devkitpro/libogc/lib/wii\libogc.a(exception.o)
                0x80026284                __exception_closeall
 .text.c_default_exceptionhandler
                0x80026304      0x458 D:/Programlar/Devkitpro/libogc/lib/wii\libogc.a(exception.o)
                0x80026304                c_default_exceptionhandler
 .text.__lwp_sema_init
                0x8002675c       0x14 D:/Programlar/Devkitpro/libogc/lib/wii\libogc.a(semaphore.o)
                0x8002675c                __lwp_sema_init
 .text.SPEC1_MakeStatus
                0x80026770      0x104 D:/Programlar/Devkitpro/libogc/lib/wii\libogc.a(pad.o)
 .text.__pad_samplinghandler
                0x80026874        0x4 D:/Programlar/Devkitpro/libogc/lib/wii\libogc.a(pad.o)
 .text.__pad_doreset
                0x80026878       0x50 D:/Programlar/Devkitpro/libogc/lib/wii\libogc.a(pad.o)
 .text.__pad_updateorigin
                0x800268c8       0xa4 D:/Programlar/Devkitpro/libogc/lib/wii\libogc.a(pad.o)
 .text.__pad_disable
                0x8002696c       0xbc D:/Programlar/Devkitpro/libogc/lib/wii\libogc.a(pad.o)
 .text.__pad_receivecheckcallback
                0x80026a28       0x84 D:/Programlar/Devkitpro/libogc/lib/wii\libogc.a(pad.o)
 .text.__pad_typeandstatuscallback
                0x80026aac      0x1ac D:/Programlar/Devkitpro/libogc/lib/wii\libogc.a(pad.o)
 .text.__pad_originupdatecallback
                0x80026c58       0x2c D:/Programlar/Devkitpro/libogc/lib/wii\libogc.a(pad.o)
 .text.__pad_onreset
                0x80026c84      0x108 D:/Programlar/Devkitpro/libogc/lib/wii\libogc.a(pad.o)
 .text.SPEC2_MakeStatus
                0x80026d8c      0x214 D:/Programlar/Devkitpro/libogc/lib/wii\libogc.a(pad.o)
 .text.__pad_origincallback
                0x80026fa0       0x74 D:/Programlar/Devkitpro/libogc/lib/wii\libogc.a(pad.o)
 .text.__pad_probecallback
                0x80027014       0x88 D:/Programlar/Devkitpro/libogc/lib/wii\libogc.a(pad.o)
 .text.__PADDisableRecalibration
                0x8002709c       0x64 D:/Programlar/Devkitpro/libogc/lib/wii\libogc.a(pad.o)
                0x8002709c                __PADDisableRecalibration
 .text.PAD_Reset
                0x80027100       0xf0 D:/Programlar/Devkitpro/libogc/lib/wii\libogc.a(pad.o)
                0x80027100                PAD_Reset
 .text.PAD_Read
                0x800271f0      0x2d4 D:/Programlar/Devkitpro/libogc/lib/wii\libogc.a(pad.o)
                0x800271f0                PAD_Read
 .text.PAD_Init
                0x800274c4       0xf8 D:/Programlar/Devkitpro/libogc/lib/wii\libogc.a(pad.o)
                0x800274c4                PAD_Init
 .text.PAD_ScanPads
                0x800275bc      0x15c D:/Programlar/Devkitpro/libogc/lib/wii\libogc.a(pad.o)
                0x800275bc                PAD_ScanPads
 .text.PAD_ButtonsDown
                0x80027718       0x40 D:/Programlar/Devkitpro/libogc/lib/wii\libogc.a(pad.o)
                0x80027718                PAD_ButtonsDown
 .text.__exi_irq_handler
                0x80027758       0x58 D:/Programlar/Devkitpro/libogc/lib/wii\libogc.a(exi.o)
 .text.__ext_irq_handler
                0x800277b0       0xc8 D:/Programlar/Devkitpro/libogc/lib/wii\libogc.a(exi.o)
 .text.__tc_irq_handler
                0x80027878      0x178 D:/Programlar/Devkitpro/libogc/lib/wii\libogc.a(exi.o)
 .text.__exi_probe
                0x800279f0      0x214 D:/Programlar/Devkitpro/libogc/lib/wii\libogc.a(exi.o)
 .text.__exi_attach
                0x80027c04      0x104 D:/Programlar/Devkitpro/libogc/lib/wii\libogc.a(exi.o)
 .text.EXI_Lock
                0x80027d08      0x218 D:/Programlar/Devkitpro/libogc/lib/wii\libogc.a(exi.o)
                0x80027d08                EXI_Lock
 .text.EXI_Unlock
                0x80027f20      0x224 D:/Programlar/Devkitpro/libogc/lib/wii\libogc.a(exi.o)
                0x80027f20                EXI_Unlock
 .text.EXI_Select
                0x80028144      0x208 D:/Programlar/Devkitpro/libogc/lib/wii\libogc.a(exi.o)
                0x80028144                EXI_Select
 .text.EXI_Deselect
                0x8002834c      0x16c D:/Programlar/Devkitpro/libogc/lib/wii\libogc.a(exi.o)
                0x8002834c                EXI_Deselect
 .text.EXI_Sync